Archive member included because of file (symbol)

C:\Program Files (x86)\GNU Tools ARM Embedded\4.7 2013q3\arm-none-eabi\lib\armv7e-m\libm.a(lib_a-wf_sqrt.o)
                              ..\obj\arm_rms_f32.o (sqrtf)
C:\Program Files (x86)\GNU Tools ARM Embedded\4.7 2013q3\arm-none-eabi\lib\armv7e-m\libm.a(lib_a-ef_sqrt.o)
                              C:\Program Files (x86)\GNU Tools ARM Embedded\4.7 2013q3\arm-none-eabi\lib\armv7e-m\libm.a(lib_a-wf_sqrt.o) (__ieee754_sqrtf)
C:\Program Files (x86)\GNU Tools ARM Embedded\4.7 2013q3\arm-none-eabi\lib\armv7e-m\libm.a(lib_a-s_lib_ver.o)
                              C:\Program Files (x86)\GNU Tools ARM Embedded\4.7 2013q3\arm-none-eabi\lib\armv7e-m\libm.a(lib_a-wf_sqrt.o) (__fdlib_version)
C:\Program Files (x86)\GNU Tools ARM Embedded\4.7 2013q3\arm-none-eabi\lib\armv7e-m\libm.a(lib_a-s_matherr.o)
                              C:\Program Files (x86)\GNU Tools ARM Embedded\4.7 2013q3\arm-none-eabi\lib\armv7e-m\libm.a(lib_a-wf_sqrt.o) (matherr)
C:\Program Files (x86)\GNU Tools ARM Embedded\4.7 2013q3\arm-none-eabi\lib\armv7e-m\libm.a(lib_a-sf_fpclassify.o)
                              C:\Program Files (x86)\GNU Tools ARM Embedded\4.7 2013q3\arm-none-eabi\lib\armv7e-m\libm.a(lib_a-wf_sqrt.o) (__fpclassifyf)
c:/program files (x86)/gnu tools arm embedded/4.7 2013q3/bin/../lib/gcc/arm-none-eabi/4.7.4/armv7e-m/softfp\libgcc.a(_arm_addsubdf3.o)
                              ..\obj\main.o (__aeabi_dsub)
c:/program files (x86)/gnu tools arm embedded/4.7 2013q3/bin/../lib/gcc/arm-none-eabi/4.7.4/armv7e-m/softfp\libgcc.a(_arm_muldivdf3.o)
                              ..\obj\arm_std_q15.o (__aeabi_dmul)
c:/program files (x86)/gnu tools arm embedded/4.7 2013q3/bin/../lib/gcc/arm-none-eabi/4.7.4/armv7e-m/softfp\libgcc.a(_arm_fixdfsi.o)
                              ..\obj\arm_std_q15.o (__aeabi_d2iz)
c:/program files (x86)/gnu tools arm embedded/4.7 2013q3/bin/../lib/gcc/arm-none-eabi/4.7.4/armv7e-m/softfp\libgcc.a(_arm_truncdfsf2.o)
                              C:\Program Files (x86)\GNU Tools ARM Embedded\4.7 2013q3\arm-none-eabi\lib\armv7e-m\libm.a(lib_a-wf_sqrt.o) (__aeabi_d2f)
c:/program files (x86)/gnu tools arm embedded/4.7 2013q3/bin/../lib/gcc/arm-none-eabi/4.7.4/armv7e-m/softfp\libgcc.a(_arm_addsubsf3.o)
                              C:\Program Files (x86)\GNU Tools ARM Embedded\4.7 2013q3\arm-none-eabi\lib\armv7e-m\libm.a(lib_a-ef_sqrt.o) (__aeabi_fsub)
c:/program files (x86)/gnu tools arm embedded/4.7 2013q3/bin/../lib/gcc/arm-none-eabi/4.7.4/armv7e-m/softfp\libgcc.a(_arm_muldivsf3.o)
                              C:\Program Files (x86)\GNU Tools ARM Embedded\4.7 2013q3\arm-none-eabi\lib\armv7e-m\libm.a(lib_a-ef_sqrt.o) (__aeabi_fmul)
c:/program files (x86)/gnu tools arm embedded/4.7 2013q3/bin/../lib/gcc/arm-none-eabi/4.7.4/armv7e-m/softfp\libgcc.a(_arm_cmpsf2.o)
                              C:\Program Files (x86)\GNU Tools ARM Embedded\4.7 2013q3\arm-none-eabi\lib\armv7e-m\libm.a(lib_a-wf_sqrt.o) (__aeabi_fcmplt)
c:/program files (x86)/gnu tools arm embedded/4.7 2013q3/bin/../lib/gcc/arm-none-eabi/4.7.4/armv7e-m/softfp\libgcc.a(_aeabi_ldivmod.o)
                              ..\obj\arm_rms_q15.o (__aeabi_ldivmod)
c:/program files (x86)/gnu tools arm embedded/4.7 2013q3/bin/../lib/gcc/arm-none-eabi/4.7.4/armv7e-m/softfp\libgcc.a(_fixsfdi.o)
                              ..\obj\arm_float_to_q31.o (__aeabi_f2lz)
c:/program files (x86)/gnu tools arm embedded/4.7 2013q3/bin/../lib/gcc/arm-none-eabi/4.7.4/armv7e-m/softfp\libgcc.a(_fixunssfdi.o)
                              c:/program files (x86)/gnu tools arm embedded/4.7 2013q3/bin/../lib/gcc/arm-none-eabi/4.7.4/armv7e-m/softfp\libgcc.a(_fixsfdi.o) (__aeabi_f2ulz)
c:/program files (x86)/gnu tools arm embedded/4.7 2013q3/bin/../lib/gcc/arm-none-eabi/4.7.4/armv7e-m/softfp\libgcc.a(bpabi.o)
                              c:/program files (x86)/gnu tools arm embedded/4.7 2013q3/bin/../lib/gcc/arm-none-eabi/4.7.4/armv7e-m/softfp\libgcc.a(_aeabi_ldivmod.o) (__gnu_ldivmod_helper)
c:/program files (x86)/gnu tools arm embedded/4.7 2013q3/bin/../lib/gcc/arm-none-eabi/4.7.4/armv7e-m/softfp\libgcc.a(_dvmd_tls.o)
                              c:/program files (x86)/gnu tools arm embedded/4.7 2013q3/bin/../lib/gcc/arm-none-eabi/4.7.4/armv7e-m/softfp\libgcc.a(_aeabi_ldivmod.o) (__aeabi_ldiv0)
c:/program files (x86)/gnu tools arm embedded/4.7 2013q3/bin/../lib/gcc/arm-none-eabi/4.7.4/armv7e-m/softfp\libgcc.a(_arm_fixunsdfsi.o)
                              c:/program files (x86)/gnu tools arm embedded/4.7 2013q3/bin/../lib/gcc/arm-none-eabi/4.7.4/armv7e-m/softfp\libgcc.a(_fixunssfdi.o) (__aeabi_d2uiz)
c:/program files (x86)/gnu tools arm embedded/4.7 2013q3/bin/../lib/gcc/arm-none-eabi/4.7.4/armv7e-m/softfp\libgcc.a(_divdi3.o)
[...]
Memory Configuration

Name             Origin             Length             Attributes
rom              0x08000000         0x00100000         xr
ram              0x20000000         0x00020000         xrw
ram1             0x10000000         0x00010000         xrw
*default*        0x00000000         0xffffffff

Linker script and memory map

                0x20020000                _eram = 0x20020000

.text           0x08000000    0x1ef08
 *(.isr_vector .isr_vector.*)
 .isr_vector    0x08000000      0x188 ..\obj\startup_stm32f4xx.o
                0x08000000                g_pfnVectors
 *(.text .text.* .gnu.linkonce.t.*)
 .text.SYSCFG_ETH_MediaInterfaceConfig
                0x08000188       0x20 ..\obj\stm32f4xx_syscfg.o
                0x08000188                SYSCFG_ETH_MediaInterfaceConfig
 .text.plug_holes
                0x080001a8       0xf4 ..\obj\mem.o
 .text.mem_init
                0x0800029c       0xd0 ..\obj\mem.o
                0x0800029c                mem_init
 .text.mem_free
                0x0800036c       0xf4 ..\obj\mem.o
                0x0800036c                mem_free
 .text.mem_realloc
                0x08000460      0x23c ..\obj\mem.o
                0x08000460                mem_realloc
 .text.mem_malloc
                0x0800069c      0x2c8 ..\obj\mem.o
                0x0800069c                mem_malloc
 .text.get_valueShell
                0x08000964       0x4c ..\obj\Shell.o
 .text.initPtrShellBuffer
                0x080009b0       0x54 ..\obj\Shell.o
                0x080009b0                initPtrShellBuffer
 .text.movePtrShell
                0x08000a04       0x3c ..\obj\Shell.o
                0x08000a04                movePtrShell
 .text.nextPtrEqDMAWritePtr
                0x08000a40       0x94 ..\obj\Shell.o
                0x08000a40                nextPtrEqDMAWritePtr
 .text.make_argv
                0x08000ad4       0xc0 ..\obj\Shell.o
                0x08000ad4                make_argv
 .text.removeBsDel
                0x08000b94       0xdc ..\obj\Shell.o
 .text.commandinterpreter
                0x08000c70      0x134 ..\obj\Shell.o
                0x08000c70                commandinterpreter
 .text.parseShell
                0x08000da4       0xdc ..\obj\Shell.o
                0x08000da4                parseShell
 .text.helpTaskHandleList
                0x08000e80      0x130 ..\obj\Shell.o
                0x08000e80                helpTaskHandleList
 .text.helpShell
                0x08000fb0       0xb0 ..\obj\Shell.o
                0x08000fb0                helpShell
 .text.lu       0x08001060       0x78 ..\obj\Shell.o
                0x08001060                lu
 .text.Change   0x080010d8      0x450 ..\obj\Shell.o
                0x080010d8                Change
 .text.showGlobalErrorVectorAndClear
                0x08001528       0x5c ..\obj\Shell.o
                0x08001528                showGlobalErrorVectorAndClear
 .text.loadSTM32F4
                0x08001584       0x2c ..\obj\Shell.o
                0x08001584                loadSTM32F4
 .text.ShellDaemon
                0x080015b0       0x2c ..\obj\Shell.o
                0x080015b0                ShellDaemon
 .text.ChangeTaskStatus
                0x080015dc      0x108 ..\obj\Shell.o
                0x080015dc                ChangeTaskStatus
 .text.tcp_tmr  0x080016e4       0x3c ..\obj\tcp.o
                0x080016e4                tcp_tmr
 .text.tcp_close
                0x08001720      0x1c4 ..\obj\tcp.o
                0x08001720                tcp_close
 .text.tcp_abandon
                0x080018e4       0xec ..\obj\tcp.o
                0x080018e4                tcp_abandon
 .text.tcp_bind
                0x080019d0      0x1a0 ..\obj\tcp.o
                0x080019d0                tcp_bind
 .text.tcp_accept_null
                0x08001b70       0x20 ..\obj\tcp.o
 .text.tcp_listen_with_backlog
                0x08001b90      0x15c ..\obj\tcp.o
                0x08001b90                tcp_listen_with_backlog
 .text.tcp_update_rcv_ann_wnd
                0x08001cec       0x88 ..\obj\tcp.o
                0x08001cec                tcp_update_rcv_ann_wnd
 .text.tcp_recved
                0x08001d74       0x64 ..\obj\tcp.o
                0x08001d74                tcp_recved
 .text.tcp_new_port
                0x08001dd8       0xe8 ..\obj\tcp.o
 .text.tcp_slowtmr
                0x08001ec0      0x44c ..\obj\tcp.o
                0x08001ec0                tcp_slowtmr
 .text.tcp_fasttmr
                0x0800230c       0xbc ..\obj\tcp.o
                0x0800230c                tcp_fasttmr
 .text.tcp_segs_free
                0x080023c8       0x3c ..\obj\tcp.o
                0x080023c8                tcp_segs_free
 .text.tcp_seg_free
                0x08002404       0x40 ..\obj\tcp.o
                0x08002404                tcp_seg_free
 .text.tcp_recv_null
                0x08002444       0x4c ..\obj\tcp.o
                0x08002444                tcp_recv_null
 .text.tcp_kill_prio
                0x08002490       0x94 ..\obj\tcp.o
 .text.tcp_kill_timewait
                0x08002524       0x70 ..\obj\tcp.o
 .text.tcp_alloc
                0x08002594      0x178 ..\obj\tcp.o
                0x08002594                tcp_alloc
 .text.tcp_new  0x0800270c       0x14 ..\obj\tcp.o
                0x0800270c                tcp_new
 .text.tcp_arg  0x08002720       0x1c ..\obj\tcp.o
                0x08002720                tcp_arg
 .text.tcp_recv
                0x0800273c       0x1c ..\obj\tcp.o
                0x0800273c                tcp_recv
 .text.tcp_sent
                0x08002758       0x1c ..\obj\tcp.o
                0x08002758                tcp_sent
 .text.tcp_err  0x08002774       0x1c ..\obj\tcp.o
                0x08002774                tcp_err
 .text.tcp_accept
                0x08002790       0x1c ..\obj\tcp.o
                0x08002790                tcp_accept
 .text.tcp_poll
                0x080027ac       0x28 ..\obj\tcp.o
                0x080027ac                tcp_poll
 .text.tcp_pcb_purge
                0x080027d4       0x68 ..\obj\tcp.o
                0x080027d4                tcp_pcb_purge
 .text.tcp_pcb_remove
                0x0800283c       0xd4 ..\obj\tcp.o
                0x0800283c                tcp_pcb_remove
 .text.tcp_next_iss
                0x08002910       0x38 ..\obj\tcp.o
                0x08002910                tcp_next_iss
 .text.tcp_eff_send_mss
                0x08002948       0x44 ..\obj\tcp.o
                0x08002948                tcp_eff_send_mss
 .text.tcp_input
                0x0800298c      0x8a0 ..\obj\tcp_in.o
                0x0800298c                tcp_input
 .text.tcp_listen_input
                0x0800322c      0x23c ..\obj\tcp_in.o
 .text.tcp_timewait_input
                0x08003468      0x124 ..\obj\tcp_in.o
 .text.tcp_process
                0x0800358c      0x8ec ..\obj\tcp_in.o
 .text.tcp_receive
                0x08003e78      0xa60 ..\obj\tcp_in.o
 .text.tcp_parseopt
                0x080048d8      0x134 ..\obj\tcp_in.o
 .text.USART_Init
                0x08004a0c      0x1ac ..\obj\stm32f4xx_usart.o
                0x08004a0c                USART_Init
 .text.USART_ClockInit
                0x08004bb8       0x54 ..\obj\stm32f4xx_usart.o
                0x08004bb8                USART_ClockInit
 .text.USART_ClockStructInit
                0x08004c0c       0x34 ..\obj\stm32f4xx_usart.o
                0x08004c0c                USART_ClockStructInit
 .text.USART_Cmd
                0x08004c40       0x40 ..\obj\stm32f4xx_usart.o
                0x08004c40                USART_Cmd
 .text.USART_DMACmd
                0x08004c80       0x48 ..\obj\stm32f4xx_usart.o
                0x08004c80                USART_DMACmd
 .text.USART_ITConfig
                0x08004cc8       0xa4 ..\obj\stm32f4xx_usart.o
                0x08004cc8                USART_ITConfig
 .text.memp_init
                0x08004d6c      0x150 ..\obj\memp.o
                0x08004d6c                memp_init
 .text.memp_malloc
                0x08004ebc      0x154 ..\obj\memp.o
                0x08004ebc                memp_malloc
 .text.memp_free
                0x08005010       0x88 ..\obj\memp.o
                0x08005010                memp_free
 .text.autoip_init
                0x08005098        0xc ..\obj\autoip.o
                0x08005098                autoip_init
 .text.autoip_handle_arp_conflict
                0x080050a4       0x48 ..\obj\autoip.o
 .text.autoip_create_addr
                0x080050ec       0x98 ..\obj\autoip.o
 .text.autoip_arp_probe
                0x08005184       0x54 ..\obj\autoip.o
 .text.autoip_arp_announce
                0x080051d8       0x50 ..\obj\autoip.o
 .text.autoip_bind
                0x08005228       0x64 ..\obj\autoip.o
 .text.autoip_start
                0x0800528c       0xcc ..\obj\autoip.o
                0x0800528c                autoip_start
 .text.autoip_start_probing
                0x08005358       0x9c ..\obj\autoip.o
 .text.autoip_tmr
                0x080053f4      0x198 ..\obj\autoip.o
                0x080053f4                autoip_tmr
 .text.autoip_arp_reply
                0x0800558c       0xfc ..\obj\autoip.o
                0x0800558c                autoip_arp_reply
 .text.netbuf_delete
                0x08005688       0x44 ..\obj\netbuf.o
                0x08005688                netbuf_delete
 .text.netbuf_data
                0x080056cc       0x64 ..\obj\netbuf.o
                0x080056cc                netbuf_data
 .text.tcpip_tcp_timer
                0x08005730       0x54 ..\obj\tcpip.o
 .text.tcp_timer_needed
                0x08005784       0x54 ..\obj\tcpip.o
                0x08005784                tcp_timer_needed
 .text.arp_timer
                0x080057d8       0x28 ..\obj\tcpip.o
 .text.autoip_timer
                0x08005800       0x28 ..\obj\tcpip.o
 .text.tcpip_thread
                0x08005828      0x144 ..\obj\tcpip.o
 .text.tcpip_input
                0x0800596c       0x80 ..\obj\tcpip.o
                0x0800596c                tcpip_input
 .text.tcpip_apimsg
                0x080059ec       0x5c ..\obj\tcpip.o
                0x080059ec                tcpip_apimsg
 .text.tcpip_init
                0x08005a48       0x64 ..\obj\tcpip.o
                0x08005a48                tcpip_init
 .text.fs_malloc
                0x08005aac       0x8c ..\obj\fs.o
 .text.fs_free  0x08005b38       0x70 ..\obj\fs.o
 .text.fs_open  0x08005ba8       0x84 ..\obj\fs.o
                0x08005ba8                fs_open
 .text.fs_close
                0x08005c2c       0x18 ..\obj\fs.o
                0x08005c2c                fs_close
 .text.Default_Reset_Handler
                0x08005c44       0x6c ..\obj\startup_stm32f4xx.o
                0x08005c44                Default_Reset_Handler
                0x08005c44                Reset_Handler
 .text.Default_Handler
                0x08005cb0        0x8 ..\obj\startup_stm32f4xx.o
                0x08005cb0                RTC_Alarm_IRQHandler
                0x08005cb0                HASH_RNG_IRQHandler
                0x08005cb0                EXTI2_IRQHandler
                0x08005cb0                TIM8_CC_IRQHandler
                0x08005cb0                DebugMon_Handler
                0x08005cb0                TIM1_CC_IRQHandler
                0x08005cb0                DMA2_Stream5_IRQHandler
                0x08005cb0                HardFault_Handler
                0x08005cb0                DMA1_Stream5_IRQHandler
                0x08005cb0                PVD_IRQHandler
                0x08005cb0                SDIO_IRQHandler
                0x08005cb0                TAMP_STAMP_IRQHandler
                0x08005cb0                NMI_Handler
                0x08005cb0                CAN2_RX1_IRQHandler
                0x08005cb0                EXTI3_IRQHandler
                0x08005cb0                TIM8_TRG_COM_TIM14_IRQHandler
                0x08005cb0                TIM1_UP_TIM10_IRQHandler
                0x08005cb0                TIM8_UP_TIM13_IRQHandler
                0x08005cb0                I2C3_ER_IRQHandler
                0x08005cb0                EXTI0_IRQHandler
                0x08005cb0                I2C2_EV_IRQHandler
                0x08005cb0                DMA1_Stream2_IRQHandler
                0x08005cb0                CAN1_RX0_IRQHandler
                0x08005cb0                FPU_IRQHandler
                0x08005cb0                OTG_HS_WKUP_IRQHandler
                0x08005cb0                UsageFault_Handler
                0x08005cb0                CAN2_SCE_IRQHandler
                0x08005cb0                DMA2_Stream2_IRQHandler
                0x08005cb0                SPI1_IRQHandler
                0x08005cb0                TIM6_DAC_IRQHandler
                0x08005cb0                TIM1_BRK_TIM9_IRQHandler
                0x08005cb0                DCMI_IRQHandler
                0x08005cb0                CAN2_RX0_IRQHandler
                0x08005cb0                DMA2_Stream3_IRQHandler
                0x08005cb0                USART6_IRQHandler
                0x08005cb0                USART3_IRQHandler
                0x08005cb0                CRYP_IRQHandler
                0x08005cb0                CAN1_RX1_IRQHandler
                0x08005cb0                UART5_IRQHandler
                0x08005cb0                DMA2_Stream0_IRQHandler
                0x08005cb0                TIM4_IRQHandler
                0x08005cb0                I2C1_EV_IRQHandler
                0x08005cb0                DMA1_Stream6_IRQHandler
                0x08005cb0                DMA1_Stream1_IRQHandler
                0x08005cb0                UART4_IRQHandler
                0x08005cb0                TIM3_IRQHandler
                0x08005cb0                RCC_IRQHandler
                0x08005cb0                TIM8_BRK_TIM12_IRQHandler
                0x08005cb0                EXTI15_10_IRQHandler
                0x08005cb0                ADC_IRQHandler
                0x08005cb0                DMA1_Stream7_IRQHandler
                0x08005cb0                TIM7_IRQHandler
                0x08005cb0                CAN2_TX_IRQHandler
                0x08005cb0                TIM5_IRQHandler
                0x08005cb0                DMA2_Stream7_IRQHandler
                0x08005cb0                I2C3_EV_IRQHandler
                0x08005cb0                EXTI9_5_IRQHandler
                0x08005cb0                RTC_WKUP_IRQHandler
                0x08005cb0                ETH_WKUP_IRQHandler
                0x08005cb0                SPI2_IRQHandler
                0x08005cb0                OTG_HS_EP1_IN_IRQHandler
                0x08005cb0                MemManage_Handler
                0x08005cb0                DMA1_Stream0_IRQHandler
                0x08005cb0                CAN1_TX_IRQHandler
                0x08005cb0                EXTI4_IRQHandler
                0x08005cb0                FSMC_IRQHandler
                0x08005cb0                OTG_HS_EP1_OUT_IRQHandler
                0x08005cb0                WWDG_IRQHandler
                0x08005cb0                TIM2_IRQHandler
                0x08005cb0                OTG_FS_WKUP_IRQHandler
                0x08005cb0                TIM1_TRG_COM_TIM11_IRQHandler
                0x08005cb0                OTG_HS_IRQHandler
                0x08005cb0                EXTI1_IRQHandler
                0x08005cb0                USART2_IRQHandler
                0x08005cb0                I2C2_ER_IRQHandler
                0x08005cb0                DMA2_Stream1_IRQHandler
                0x08005cb0                CAN1_SCE_IRQHandler
                0x08005cb0                FLASH_IRQHandler
                0x08005cb0                DMA2_Stream4_IRQHandler
                0x08005cb0                BusFault_Handler
                0x08005cb0                USART1_IRQHandler
                0x08005cb0                OTG_FS_IRQHandler
                0x08005cb0                SPI3_IRQHandler
                0x08005cb0                DMA1_Stream4_IRQHandler
                0x08005cb0                I2C1_ER_IRQHandler
                0x08005cb0                DMA2_Stream6_IRQHandler
                0x08005cb0                DMA1_Stream3_IRQHandler
 .text.STM_EVAL_LEDInit
                0x08005cb8       0x6c ..\obj\stm32f4_discovery.o
                0x08005cb8                STM_EVAL_LEDInit
 .text.STM_EVAL_LEDToggle
                0x08005d24       0x44 ..\obj\stm32f4_discovery.o
                0x08005d24                STM_EVAL_LEDToggle
 .text.ETH_Delay
                0x08005d68       0x2c ..\obj\stm32f4x7_eth.o
 .text.ETH_DeInit
                0x08005d94       0x20 ..\obj\stm32f4x7_eth.o
                0x08005d94                ETH_DeInit
 .text.ETH_StructInit
                0x08005db4      0x1a8 ..\obj\stm32f4x7_eth.o
                0x08005db4                ETH_StructInit
 .text.ETH_Init
                0x08005f5c      0x4dc ..\obj\stm32f4x7_eth.o
                0x08005f5c                ETH_Init
 .text.ETH_Start
                0x08006438       0x2c ..\obj\stm32f4x7_eth.o
                0x08006438                ETH_Start
 .text.ETH_MACTransmissionCmd
                0x08006464       0x4c ..\obj\stm32f4x7_eth.o
                0x08006464                ETH_MACTransmissionCmd
 .text.ETH_MACReceptionCmd
                0x080064b0       0x4c ..\obj\stm32f4x7_eth.o
                0x080064b0                ETH_MACReceptionCmd
 .text.ETH_MACAddressConfig
                0x080064fc       0x7c ..\obj\stm32f4x7_eth.o
                0x080064fc                ETH_MACAddressConfig
 .text.ETH_Get_Received_Frame_interrupt
                0x08006578      0x1e8 ..\obj\stm32f4x7_eth.o
                0x08006578                ETH_Get_Received_Frame_interrupt
 .text.ETH_Prepare_Transmit_Descriptors
                0x08006760      0x1f4 ..\obj\stm32f4x7_eth.o
                0x08006760                ETH_Prepare_Transmit_Descriptors
 .text.ETH_DMARxDescChainInit
                0x08006954       0xc0 ..\obj\stm32f4x7_eth.o
                0x08006954                ETH_DMARxDescChainInit
 .text.ETH_DMATxDescChainInit
                0x08006a14       0xa4 ..\obj\stm32f4x7_eth.o
                0x08006a14                ETH_DMATxDescChainInit
 .text.ETH_DMATxDescChecksumInsertionConfig
                0x08006ab8       0x20 ..\obj\stm32f4x7_eth.o
                0x08006ab8                ETH_DMATxDescChecksumInsertionConfig
 .text.ETH_DMARxDescReceiveITConfig
                0x08006ad8       0x38 ..\obj\stm32f4x7_eth.o
                0x08006ad8                ETH_DMARxDescReceiveITConfig
 .text.ETH_SoftwareReset
                0x08006b10       0x2c ..\obj\stm32f4x7_eth.o
                0x08006b10                ETH_SoftwareReset
 .text.ETH_GetSoftwareResetStatus
                0x08006b3c       0x40 ..\obj\stm32f4x7_eth.o
                0x08006b3c                ETH_GetSoftwareResetStatus
 .text.ETH_GetDMAFlagStatus
                0x08006b7c       0x44 ..\obj\stm32f4x7_eth.o
                0x08006b7c                ETH_GetDMAFlagStatus
 .text.ETH_DMAITConfig
                0x08006bc0       0x74 ..\obj\stm32f4x7_eth.o
                0x08006bc0                ETH_DMAITConfig
 .text.ETH_DMAClearITPendingBit
                0x08006c34       0x28 ..\obj\stm32f4x7_eth.o
                0x08006c34                ETH_DMAClearITPendingBit
 .text.ETH_FlushTransmitFIFO
                0x08006c5c       0x34 ..\obj\stm32f4x7_eth.o
                0x08006c5c                ETH_FlushTransmitFIFO
 .text.ETH_DMATransmissionCmd
                0x08006c90       0x6c ..\obj\stm32f4x7_eth.o
                0x08006c90                ETH_DMATransmissionCmd
 .text.ETH_DMAReceptionCmd
                0x08006cfc       0x6c ..\obj\stm32f4x7_eth.o
                0x08006cfc                ETH_DMAReceptionCmd
 .text.ETH_ReadPHYRegister
                0x08006d68       0xc8 ..\obj\stm32f4x7_eth.o
                0x08006d68                ETH_ReadPHYRegister
 .text.ETH_WritePHYRegister
                0x08006e30       0xd0 ..\obj\stm32f4x7_eth.o
                0x08006e30                ETH_WritePHYRegister
 .text.USART_Configuration
                0x08006f00      0x118 ..\obj\USART_Setup.o
                0x08006f00                USART_Configuration
 .text.sys_mbox_fetch
                0x08007018       0xc0 ..\obj\sys.o
                0x08007018                sys_mbox_fetch
 .text.sys_timeout
                0x080070d8       0xf0 ..\obj\sys.o
                0x080070d8                sys_timeout
 .text.sys_untimeout
                0x080071c8       0xa0 ..\obj\sys.o
                0x080071c8                sys_untimeout
 .text.ip_addr_isbroadcast
                0x08007268       0x8c ..\obj\ip_addr.o
                0x08007268                ip_addr_isbroadcast
 .text.lwip_standard_chksum
                0x080072f4       0xb8 ..\obj\inet_chksum.o
 .text.inet_chksum
                0x080073ac       0x28 ..\obj\inet_chksum.o
                0x080073ac                inet_chksum
 .text.inet_chksum_pbuf
                0x080073d4       0xbc ..\obj\inet_chksum.o
                0x080073d4                inet_chksum_pbuf
 .text.ToggleLed4
                0x08007490       0x40 ..\obj\main.o
                0x08007490                ToggleLed4
 .text.Maintask
                0x080074d0      0x13c ..\obj\main.o
                0x080074d0                Maintask
 .text.main     0x0800760c       0x58 ..\obj\main.o
                0x0800760c                main
 .text.vApplicationMallocFailedHook
                0x08007664       0x10 ..\obj\main.o
                0x08007664                vApplicationMallocFailedHook
 .text.vApplicationIdleHook
                0x08007674        0xc ..\obj\main.o
                0x08007674                vApplicationIdleHook
 .text.saveTaskHandle
                0x08007680        0xc ..\obj\main.o
                0x08007680                saveTaskHandle
 .text.workload
                0x0800768c       0x30 ..\obj\main.o
 *fill*         0x080076bc        0x4 00
 .text.Monitor  0x080076c0      0x138 ..\obj\main.o
                0x080076c0                Monitor
 .text.RCC_GetClocksFreq
                0x080077f8      0x1cc ..\obj\stm32f4xx_rcc.o
                0x080077f8                RCC_GetClocksFreq
 .text.RCC_AHB1PeriphClockCmd
                0x080079c4       0x54 ..\obj\stm32f4xx_rcc.o
                0x080079c4                RCC_AHB1PeriphClockCmd
 .text.RCC_APB1PeriphClockCmd
                0x08007a18       0x54 ..\obj\stm32f4xx_rcc.o
                0x08007a18                RCC_APB1PeriphClockCmd
 .text.RCC_APB2PeriphClockCmd
                0x08007a6c       0x54 ..\obj\stm32f4xx_rcc.o
                0x08007a6c                RCC_APB2PeriphClockCmd
 .text.RCC_AHB1PeriphResetCmd
                0x08007ac0       0x54 ..\obj\stm32f4xx_rcc.o
                0x08007ac0                RCC_AHB1PeriphResetCmd
 .text.LwIP_Init
                0x08007b14       0xc4 ..\obj\netconf.o
                0x08007b14                LwIP_Init
 .text.ETH_IRQHandler
                0x08007bd8       0x60 ..\obj\stm32f4xx_it.o
                0x08007bd8                ETH_IRQHandler
 .text.http_server_serve
                0x08007c38      0x1ec ..\obj\httpserver-netconn.o
                0x08007c38                http_server_serve
 .text.http_server_netconn_thread
                0x08007e24       0x7c ..\obj\httpserver-netconn.o
 .text.http_server_netconn_init
                0x08007ea0       0x2c ..\obj\httpserver-netconn.o
                0x08007ea0                http_server_netconn_init
 .text.DynWebPage
                0x08007ecc      0x21c ..\obj\httpserver-netconn.o
                0x08007ecc                DynWebPage
 .text.xTimerCreateTimerTask
                0x080080e8       0x70 ..\obj\timers.o
                0x080080e8                xTimerCreateTimerTask
 .text.xTimerGenericCommand
                0x08008158       0xac ..\obj\timers.o
                0x08008158                xTimerGenericCommand
 .text.prvProcessExpiredTimer
                0x08008204       0x80 ..\obj\timers.o
 .text.prvTimerTask
                0x08008284       0x24 ..\obj\timers.o
 .text.prvProcessTimerOrBlockTask
                0x080082a8       0x74 ..\obj\timers.o
 .text.prvGetNextExpireTime
                0x0800831c       0x54 ..\obj\timers.o
 .text.prvSampleTimeNow
                0x08008370       0x58 ..\obj\timers.o
 .text.prvInsertTimerInActiveList
                0x080083c8       0x94 ..\obj\timers.o
 .text.prvProcessReceivedCommands
                0x0800845c      0x114 ..\obj\timers.o
 .text.prvSwitchTimerLists
                0x08008570       0xec ..\obj\timers.o
 .text.prvCheckForValidListAndQueue
                0x0800865c       0x74 ..\obj\timers.o
 .text.lwip_init
                0x080086d0       0x18 ..\obj\init.o
                0x080086d0                lwip_init
 .text.ETH_BSP_Config
                0x080086e8       0x30 ..\obj\stm32f4x7_eth_bsp.o
                0x080086e8                ETH_BSP_Config
 .text.ETH_MACDMA_Config
                0x08008718       0xf0 ..\obj\stm32f4x7_eth_bsp.o
 .text.ETH_GPIO_Config
                0x08008808      0x1dc ..\obj\stm32f4x7_eth_bsp.o
 .text.ETH_NVIC_Config
                0x080089e4       0x38 ..\obj\stm32f4x7_eth_bsp.o
 .text.PrintChar
                0x08008a1c       0x14 ..\obj\printf.o
                0x08008a1c                PrintChar
 .text.PutChar  0x08008a30       0x24 ..\obj\printf.o
                0x08008a30                PutChar
 .text.PutString
                0x08008a54       0x48 ..\obj\printf.o
                0x08008a54                PutString
 .text.PutUnsignedInt
                0x08008a9c       0xbc ..\obj\printf.o
                0x08008a9c                PutUnsignedInt
 .text.PutSignedInt
                0x08008b58      0x12c ..\obj\printf.o
                0x08008b58                PutSignedInt
 .text.PutHexa  0x08008c84       0xe8 ..\obj\printf.o
                0x08008c84                PutHexa
 .text.vsnprintf
                0x08008d6c      0x2a4 ..\obj\printf.o
                0x08008d6c                vsnprintf
 .text.vsprintf
                0x08009010       0x28 ..\obj\printf.o
                0x08009010                vsprintf
 .text.vfprintf
                0x08009038       0x6c ..\obj\printf.o
                0x08009038                vfprintf
 .text.vprintf  0x080090a4       0x2c ..\obj\printf.o
                0x080090a4                vprintf
 .text.printf   0x080090d0       0x2c ..\obj\printf.o
                0x080090d0                printf
 .text.sprintf  0x080090fc       0x30 ..\obj\printf.o
                0x080090fc                sprintf
 .text.fputc    0x0800912c       0x4c ..\obj\printf.o
                0x0800912c                fputc
 .text.fputs    0x08009178       0x50 ..\obj\printf.o
                0x08009178                fputs
 .text.low_level_init
                0x080091c8      0x174 ..\obj\ethernetif.o
 .text.low_level_output
                0x0800933c      0x100 ..\obj\ethernetif.o
 .text.low_level_input
                0x0800943c      0x13c ..\obj\ethernetif.o
 .text.ethernetif_input
                0x08009578       0x70 ..\obj\ethernetif.o
 .text.ethernetif_init
                0x080095e8       0x60 ..\obj\ethernetif.o
                0x080095e8                ethernetif_init
 .text.arp_timer
                0x08009648       0x28 ..\obj\ethernetif.o
 .text.etharp_tmr
                0x08009670       0xdc ..\obj\etharp.o
                0x08009670                etharp_tmr
 .text.find_entry
                0x0800974c      0x2b8 ..\obj\etharp.o
 .text.etharp_send_ip
                0x08009a04       0x6c ..\obj\etharp.o
 .text.update_arp_entry
                0x08009a70      0x100 ..\obj\etharp.o
 .text.etharp_arp_input
                0x08009b70      0x2b0 ..\obj\etharp.o
                0x08009b70                etharp_arp_input
 .text.etharp_output
                0x08009e20      0x12c ..\obj\etharp.o
                0x08009e20                etharp_output
 .text.etharp_query
                0x08009f4c      0x168 ..\obj\etharp.o
                0x08009f4c                etharp_query
 .text.etharp_raw
                0x0800a0b4      0x190 ..\obj\etharp.o
                0x0800a0b4                etharp_raw
 .text.etharp_request
                0x0800a244       0x50 ..\obj\etharp.o
                0x0800a244                etharp_request
 .text.ethernet_input
                0x0800a294       0xc0 ..\obj\etharp.o
                0x0800a294                ethernet_input
 .text.xTaskGenericCreate
                0x0800a354      0x1ec ..\obj\tasks.o
                0x0800a354                xTaskGenericCreate
 .text.vTaskDelete
                0x0800a540       0xc0 ..\obj\tasks.o
                0x0800a540                vTaskDelete
 .text.vTaskDelayUntil
                0x0800a600       0xd0 ..\obj\tasks.o
                0x0800a600                vTaskDelayUntil
 .text.vTaskDelay
                0x0800a6d0       0x5c ..\obj\tasks.o
                0x0800a6d0                vTaskDelay
 .text.vTaskSuspend
                0x0800a72c       0xc0 ..\obj\tasks.o
                0x0800a72c                vTaskSuspend
 .text.xTaskIsTaskSuspended
                0x0800a7ec       0x60 ..\obj\tasks.o
                0x0800a7ec                xTaskIsTaskSuspended
 .text.vTaskResume
                0x0800a84c       0xbc ..\obj\tasks.o
                0x0800a84c                vTaskResume
 .text.vTaskStartScheduler
                0x0800a908       0x90 ..\obj\tasks.o
                0x0800a908                vTaskStartScheduler
 .text.vTaskSuspendAll
                0x0800a998       0x24 ..\obj\tasks.o
                0x0800a998                vTaskSuspendAll
 .text.xTaskResumeAll
                0x0800a9bc      0x168 ..\obj\tasks.o
                0x0800a9bc                xTaskResumeAll
 .text.xTaskGetTickCount
                0x0800ab24       0x28 ..\obj\tasks.o
                0x0800ab24                xTaskGetTickCount
 .text.vTaskList
                0x0800ab4c      0x128 ..\obj\tasks.o
                0x0800ab4c                vTaskList
 .text.vTaskIncrementTick
                0x0800ac74      0x1d0 ..\obj\tasks.o
                0x0800ac74                vTaskIncrementTick
 .text.vTaskSwitchContext
                0x0800ae44       0xdc ..\obj\tasks.o
                0x0800ae44                vTaskSwitchContext
 .text.vTaskPlaceOnEventList
                0x0800af20       0x88 ..\obj\tasks.o
                0x0800af20                vTaskPlaceOnEventList
 .text.vTaskPlaceOnEventListRestricted
                0x0800afa8       0x64 ..\obj\tasks.o
                0x0800afa8                vTaskPlaceOnEventListRestricted
 .text.xTaskRemoveFromEventList
                0x0800b00c       0xd4 ..\obj\tasks.o
                0x0800b00c                xTaskRemoveFromEventList
 .text.vTaskSetTimeOutState
                0x0800b0e0       0x40 ..\obj\tasks.o
                0x0800b0e0                vTaskSetTimeOutState
 .text.xTaskCheckForTimeOut
                0x0800b120       0xc4 ..\obj\tasks.o
                0x0800b120                xTaskCheckForTimeOut
 .text.vTaskMissedYield
                0x0800b1e4       0x18 ..\obj\tasks.o
                0x0800b1e4                vTaskMissedYield
 .text.prvIdleTask
                0x0800b1fc       0x24 ..\obj\tasks.o
 .text.prvInitialiseTCBVariables
                0x0800b220       0x78 ..\obj\tasks.o
 .text.prvInitialiseTaskLists
                0x0800b298       0xa4 ..\obj\tasks.o
 .text.prvCheckTasksWaitingTermination
                0x0800b33c       0x98 ..\obj\tasks.o
 .text.prvAddCurrentTaskToDelayedList
                0x0800b3d4       0x8c ..\obj\tasks.o
 .text.prvAllocateTCBAndStack
                0x0800b460       0x70 ..\obj\tasks.o
 .text.prvListTaskWithinSingleList
                0x0800b4d0       0xc4 ..\obj\tasks.o
 .text.usTaskCheckFreeStackSpace
                0x0800b594       0x38 ..\obj\tasks.o
 .text.prvDeleteTCB
                0x0800b5cc       0x20 ..\obj\tasks.o
 .text.xTaskGetCurrentTaskHandle
                0x0800b5ec       0x20 ..\obj\tasks.o
                0x0800b5ec                xTaskGetCurrentTaskHandle
 .text.xTaskGetSchedulerState
                0x0800b60c       0x48 ..\obj\tasks.o
                0x0800b60c                xTaskGetSchedulerState
 .text.vTaskPriorityInherit
                0x0800b654       0xe4 ..\obj\tasks.o
                0x0800b654                vTaskPriorityInherit
 .text.vTaskPriorityDisinherit
                0x0800b738       0x90 ..\obj\tasks.o
                0x0800b738                vTaskPriorityDisinherit
 .text.pbuf_alloc
                0x0800b7c8      0x234 ..\obj\pbuf.o
                0x0800b7c8                pbuf_alloc
 .text.pbuf_realloc
                0x0800b9fc       0xcc ..\obj\pbuf.o
                0x0800b9fc                pbuf_realloc
 .text.pbuf_header
                0x0800bac8       0xf4 ..\obj\pbuf.o
                0x0800bac8                pbuf_header
 .text.pbuf_free
                0x0800bbbc       0xb0 ..\obj\pbuf.o
                0x0800bbbc                pbuf_free
 .text.pbuf_clen
                0x0800bc6c       0x34 ..\obj\pbuf.o
                0x0800bc6c                pbuf_clen
 .text.pbuf_cat
                0x0800bca0       0x5c ..\obj\pbuf.o
                0x0800bca0                pbuf_cat
 .text.pbuf_copy
                0x0800bcfc      0x110 ..\obj\pbuf.o
                0x0800bcfc                pbuf_copy
 .text.htons    0x0800be0c       0x30 ..\obj\inet.o
                0x0800be0c                htons
 .text.ntohs    0x0800be3c       0x20 ..\obj\inet.o
                0x0800be3c                ntohs
 .text.htonl    0x0800be5c       0x3c ..\obj\inet.o
                0x0800be5c                htonl
 .text.ntohl    0x0800be98       0x1c ..\obj\inet.o
                0x0800be98                ntohl
 .text.netif_add
                0x0800beb4       0xac ..\obj\netif.o
                0x0800beb4                netif_add
 .text.netif_set_addr
                0x0800bf60       0x30 ..\obj\netif.o
                0x0800bf60                netif_set_addr
 .text.netif_set_ipaddr
                0x0800bf90       0xb8 ..\obj\netif.o
                0x0800bf90                netif_set_ipaddr
 .text.netif_set_gw
                0x0800c048       0x28 ..\obj\netif.o
                0x0800c048                netif_set_gw
 .text.netif_set_netmask
                0x0800c070       0x28 ..\obj\netif.o
                0x0800c070                netif_set_netmask
 .text.netif_set_default
                0x0800c098       0x20 ..\obj\netif.o
                0x0800c098                netif_set_default
 .text.netif_set_up
                0x0800c0b8       0x4c ..\obj\netif.o
                0x0800c0b8                netif_set_up
 .text.netif_set_down
                0x0800c104       0x34 ..\obj\netif.o
                0x0800c104                netif_set_down
 .text.netif_is_up
                0x0800c138       0x28 ..\obj\netif.o
                0x0800c138                netif_is_up
 .text.recv_raw
                0x0800c160       0xf0 ..\obj\api_msg.o
 .text.recv_udp
                0x0800c250       0xa8 ..\obj\api_msg.o
 .text.recv_tcp
                0x0800c2f8       0x90 ..\obj\api_msg.o
 .text.poll_tcp
                0x0800c388       0x3c ..\obj\api_msg.o
 .text.sent_tcp
                0x0800c3c4       0x74 ..\obj\api_msg.o
 .text.err_tcp  0x0800c438       0xc8 ..\obj\api_msg.o
 .text.setup_tcp
                0x0800c500       0x5c ..\obj\api_msg.o
 .text.accept_function
                0x0800c55c       0xa0 ..\obj\api_msg.o
 .text.pcb_new  0x0800c5fc      0x110 ..\obj\api_msg.o
 .text.do_newconn
                0x0800c70c       0x2c ..\obj\api_msg.o
                0x0800c70c                do_newconn
 .text.netconn_alloc
                0x0800c738       0xfc ..\obj\api_msg.o
                0x0800c738                netconn_alloc
 .text.netconn_free
                0x0800c834       0xbc ..\obj\api_msg.o
                0x0800c834                netconn_free
 .text.do_close_internal
                0x0800c8f0      0x134 ..\obj\api_msg.o
 .text.do_delconn
                0x0800ca24       0xc8 ..\obj\api_msg.o
                0x0800ca24                do_delconn
 .text.do_bind  0x0800caec       0xbc ..\obj\api_msg.o
                0x0800caec                do_bind
 .text.do_listen
                0x0800cba8      0x108 ..\obj\api_msg.o
                0x0800cba8                do_listen
 .text.do_recv  0x0800ccb0       0x50 ..\obj\api_msg.o
                0x0800ccb0                do_recv
 .text.do_writemore
                0x0800cd00      0x188 ..\obj\api_msg.o
 .text.do_write
                0x0800ce88       0x78 ..\obj\api_msg.o
                0x0800ce88                do_write
 .text.do_close
                0x0800cf00       0x50 ..\obj\api_msg.o
                0x0800cf00                do_close
 .text.GPIO_Init
                0x0800cf50      0x144 ..\obj\stm32f4xx_gpio.o
                0x0800cf50                GPIO_Init
 .text.GPIO_SetBits
                0x0800d094       0x1c ..\obj\stm32f4xx_gpio.o
                0x0800d094                GPIO_SetBits
 .text.GPIO_ResetBits
                0x0800d0b0       0x1c ..\obj\stm32f4xx_gpio.o
                0x0800d0b0                GPIO_ResetBits
 .text.GPIO_PinAFConfig
                0x0800d0cc       0xa8 ..\obj\stm32f4xx_gpio.o
                0x0800d0cc                GPIO_PinAFConfig
 .text.printk_putc
                0x0800d174       0x58 ..\obj\printf-stdarg.o
 .text.printk_mknumstr
                0x0800d1cc      0x120 ..\obj\printf-stdarg.o
 .text.printk_pad_zero
                0x0800d2ec       0x38 ..\obj\printf-stdarg.o
 .text.printk_pad_space
                0x0800d324       0x38 ..\obj\printf-stdarg.o
 .text.printk   0x0800d35c      0x6d0 ..\obj\printf-stdarg.o
                0x0800d35c                printk
 .text.out_char
                0x0800da2c       0xc4 ..\obj\printf-stdarg.o
                0x0800da2c                out_char
 .text.ShellPrintf
                0x0800daf0       0x4c ..\obj\printf-stdarg.o
                0x0800daf0                ShellPrintf
 .text.Shell_DMA_Check
                0x0800db3c      0x100 ..\obj\printf-stdarg.o
                0x0800db3c                Shell_DMA_Check
 .text.sys_mbox_new
                0x0800dc3c       0x78 ..\obj\sys_arch.o
                0x0800dc3c                sys_mbox_new
 .text.sys_mbox_free
                0x0800dcb4       0x60 ..\obj\sys_arch.o
                0x0800dcb4                sys_mbox_free
 .text.sys_mbox_post
                0x0800dd14       0x2c ..\obj\sys_arch.o
                0x0800dd14                sys_mbox_post
 .text.sys_mbox_trypost
                0x0800dd40       0x5c ..\obj\sys_arch.o
                0x0800dd40                sys_mbox_trypost
 .text.sys_arch_mbox_fetch
                0x0800dd9c       0x8c ..\obj\sys_arch.o
                0x0800dd9c                sys_arch_mbox_fetch
 .text.sys_arch_mbox_tryfetch
                0x0800de28       0x40 ..\obj\sys_arch.o
                0x0800de28                sys_arch_mbox_tryfetch
 .text.sys_sem_new
                0x0800de68       0xd4 ..\obj\sys_arch.o
                0x0800de68                sys_sem_new
 .text.sys_arch_sem_wait
                0x0800df3c       0x78 ..\obj\sys_arch.o
                0x0800df3c                sys_arch_sem_wait
 .text.sys_sem_signal
                0x0800dfb4       0x24 ..\obj\sys_arch.o
                0x0800dfb4                sys_sem_signal
 .text.sys_sem_free
                0x0800dfd8       0x34 ..\obj\sys_arch.o
                0x0800dfd8                sys_sem_free
 .text.sys_init
                0x0800e00c       0x5c ..\obj\sys_arch.o
                0x0800e00c                sys_init
 .text.sys_arch_timeouts
                0x0800e068       0x5c ..\obj\sys_arch.o
                0x0800e068                sys_arch_timeouts
 .text.sys_thread_new
                0x0800e0c4       0x90 ..\obj\sys_arch.o
                0x0800e0c4                sys_thread_new
 .text.vListInitialise
                0x0800e154       0x40 ..\obj\list.o
                0x0800e154                vListInitialise
 .text.vListInitialiseItem
                0x0800e194       0x1c ..\obj\list.o
                0x0800e194                vListInitialiseItem
 .text.vListInsertEnd
                0x0800e1b0       0x50 ..\obj\list.o
                0x0800e1b0                vListInsertEnd
 .text.vListInsert
                0x0800e200       0x74 ..\obj\list.o
                0x0800e200                vListInsert
 .text.vListRemove
                0x0800e274       0x54 ..\obj\list.o
                0x0800e274                vListRemove
 .text.SystemInit
                0x0800e2c8       0xb0 ..\obj\system_stm32f4xx.o
                0x0800e2c8                SystemInit
 .text.SetSysClock
                0x0800e378      0x1e0 ..\obj\system_stm32f4xx.o
 .text.DMA_Init
                0x0800e558       0xb0 ..\obj\stm32f4xx_dma.o
                0x0800e558                DMA_Init
 .text.DMA_Cmd  0x0800e608       0x38 ..\obj\stm32f4xx_dma.o
                0x0800e608                DMA_Cmd
 .text.DMA_GetCurrDataCounter
                0x0800e640       0x1c ..\obj\stm32f4xx_dma.o
                0x0800e640                DMA_GetCurrDataCounter
 .text.DMA_GetCmdStatus
                0x0800e65c       0x38 ..\obj\stm32f4xx_dma.o
                0x0800e65c                DMA_GetCmdStatus
 .text.DMA_ClearFlag
                0x0800e694       0x60 ..\obj\stm32f4xx_dma.o
                0x0800e694                DMA_ClearFlag
 .text.DMA_ITConfig
                0x0800e6f4       0x74 ..\obj\stm32f4xx_dma.o
                0x0800e6f4                DMA_ITConfig
 .text.DMA_ClearITPendingBit
                0x0800e768       0x60 ..\obj\stm32f4xx_dma.o
                0x0800e768                DMA_ClearITPendingBit
 .text.xQueueGenericReset
                0x0800e7c8       0xbc ..\obj\queue.o
                0x0800e7c8                xQueueGenericReset
 .text.xQueueGenericCreate
                0x0800e884       0x94 ..\obj\queue.o
                0x0800e884                xQueueGenericCreate
 .text.xQueueCreateCountingSemaphore
                0x0800e918       0x44 ..\obj\queue.o
                0x0800e918                xQueueCreateCountingSemaphore
 .text.xQueueGenericSend
                0x0800e95c      0x154 ..\obj\queue.o
                0x0800e95c                xQueueGenericSend
 .text.xQueueGenericSendFromISR
                0x0800eab0       0xd4 ..\obj\queue.o
                0x0800eab0                xQueueGenericSendFromISR
 .text.xQueueGenericReceive
                0x0800eb84      0x1bc ..\obj\queue.o
                0x0800eb84                xQueueGenericReceive
 .text.uxQueueMessagesWaiting
                0x0800ed40       0x34 ..\obj\queue.o
                0x0800ed40                uxQueueMessagesWaiting
 .text.vQueueDelete
                0x0800ed74       0x38 ..\obj\queue.o
                0x0800ed74                vQueueDelete
 .text.prvCopyDataToQueue
                0x0800edac       0xc4 ..\obj\queue.o
 .text.prvCopyDataFromQueue
                0x0800ee70       0x50 ..\obj\queue.o
 .text.prvUnlockQueue
                0x0800eec0       0xa0 ..\obj\queue.o
 .text.prvIsQueueEmpty
                0x0800ef60       0x2c ..\obj\queue.o
 .text.prvIsQueueFull
                0x0800ef8c       0x30 ..\obj\queue.o
 .text.vQueueUnregisterQueue
                0x0800efbc       0x54 ..\obj\queue.o
 .text.vQueueWaitForMessageRestricted
                0x0800f010       0x5c ..\obj\queue.o
                0x0800f010                vQueueWaitForMessageRestricted
 .text.pxPortInitialiseStack
                0x0800f06c       0x70 ..\obj\port.o
                0x0800f06c                pxPortInitialiseStack
 .text.SVC_Handler
                0x0800f0dc       0x1c ..\obj\port.o
                0x0800f0dc                SVC_Handler
 .text.vPortStartFirstTask
                0x0800f0f8       0x14 ..\obj\port.o
 .text.xPortStartScheduler
                0x0800f10c       0x70 ..\obj\port.o
                0x0800f10c                xPortStartScheduler
 .text.vPortYieldFromISR
                0x0800f17c       0x18 ..\obj\port.o
                0x0800f17c                vPortYieldFromISR
 .text.vPortEnterCritical
                0x0800f194       0x2c ..\obj\port.o
                0x0800f194                vPortEnterCritical
 .text.vPortExitCritical
                0x0800f1c0       0x38 ..\obj\port.o
                0x0800f1c0                vPortExitCritical
 .text.PendSV_Handler
                0x0800f1f8       0x50 ..\obj\port.o
                0x0800f1f8                PendSV_Handler
 .text.SysTick_Handler
                0x0800f248       0x38 ..\obj\port.o
                0x0800f248                SysTick_Handler
 .text.prvSetupTimerInterrupt
                0x0800f280       0x40 ..\obj\port.o
 .text.vPortEnableVFP
                0x0800f2c0       0x14 ..\obj\port.o
 .text.USART3_DMA_Config
                0x0800f2d4      0x1a0 ..\obj\DMA_Setup.o
                0x0800f2d4                USART3_DMA_Config
 .text.DMATxInit
                0x0800f474       0xfc ..\obj\DMA_Setup.o
                0x0800f474                DMATxInit
 .text.udp_input
                0x0800f570      0x33c ..\obj\udp.o
                0x0800f570                udp_input
 .text.udp_bind
                0x0800f8ac       0xe4 ..\obj\udp.o
                0x0800f8ac                udp_bind
 .text.udp_recv
                0x0800f990       0x24 ..\obj\udp.o
                0x0800f990                udp_recv
 .text.udp_remove
                0x0800f9b4       0x78 ..\obj\udp.o
                0x0800f9b4                udp_remove
 .text.udp_new  0x0800fa2c       0x38 ..\obj\udp.o
                0x0800fa2c                udp_new
 .text.ip_route
                0x0800fa64       0xa0 ..\obj\ip.o
                0x0800fa64                ip_route
 .text.ip_input
                0x0800fb04      0x368 ..\obj\ip.o
                0x0800fb04                ip_input
 .text.ip_output_if
                0x0800fe6c      0x1e0 ..\obj\ip.o
                0x0800fe6c                ip_output_if
 .text.ip_output
                0x0801004c       0x68 ..\obj\ip.o
                0x0801004c                ip_output
 .text.icmp_input
                0x080100b4      0x330 ..\obj\icmp.o
                0x080100b4                icmp_input
 .text.icmp_dest_unreach
                0x080103e4       0x24 ..\obj\icmp.o
                0x080103e4                icmp_dest_unreach
 .text.icmp_send_response
                0x08010408       0xe8 ..\obj\icmp.o
 .text.NVIC_PriorityGroupConfig
                0x080104f0       0x28 ..\obj\misc.o
                0x080104f0                NVIC_PriorityGroupConfig
 .text.NVIC_Init
                0x08010518       0xe4 ..\obj\misc.o
                0x08010518                NVIC_Init
 .text.netconn_new_with_proto_and_callback
                0x080105fc       0x78 ..\obj\api_lib.o
                0x080105fc                netconn_new_with_proto_and_callback
 .text.netconn_delete
                0x08010674       0x4c ..\obj\api_lib.o
                0x08010674                netconn_delete
 .text.netconn_bind
                0x080106c0       0x4c ..\obj\api_lib.o
                0x080106c0                netconn_bind
 .text.netconn_listen_with_backlog
                0x0801070c       0x40 ..\obj\api_lib.o
                0x0801070c                netconn_listen_with_backlog
 .text.netconn_accept
                0x0801074c       0x5c ..\obj\api_lib.o
                0x0801074c                netconn_accept
 .text.netconn_recv
                0x080107a8      0x19c ..\obj\api_lib.o
                0x080107a8                netconn_recv
 .text.netconn_write
                0x08010944       0x60 ..\obj\api_lib.o
                0x08010944                netconn_write
 .text.netconn_close
                0x080109a4       0x3c ..\obj\api_lib.o
                0x080109a4                netconn_close
 .text.pvPortMalloc
                0x080109e0      0x1bc ..\obj\heap_2.o
                0x080109e0                pvPortMalloc
 .text.vPortFree
                0x08010b9c       0x88 ..\obj\heap_2.o
                0x08010b9c                vPortFree
 .text.tcp_output_set_header
                0x08010c24      0x100 ..\obj\tcp_out.o
 .text.tcp_send_ctrl
                0x08010d24       0x34 ..\obj\tcp_out.o
                0x08010d24                tcp_send_ctrl
 .text.tcp_write
                0x08010d58       0x68 ..\obj\tcp_out.o
                0x08010d58                tcp_write
 .text.tcp_enqueue
                0x08010dc0      0x680 ..\obj\tcp_out.o
                0x08010dc0                tcp_enqueue
 .text.tcp_send_empty_ack
                0x08011440       0x94 ..\obj\tcp_out.o
                0x08011440                tcp_send_empty_ack
 .text.tcp_output
                0x080114d4      0x2f0 ..\obj\tcp_out.o
                0x080114d4                tcp_output
 .text.tcp_output_segment
                0x080117c4      0x17c ..\obj\tcp_out.o
 .text.tcp_rst  0x08011940      0x128 ..\obj\tcp_out.o
                0x08011940                tcp_rst
 .text.tcp_rexmit_rto
                0x08011a68       0x6c ..\obj\tcp_out.o
                0x08011a68                tcp_rexmit_rto
 .text.tcp_rexmit
                0x08011ad4       0x90 ..\obj\tcp_out.o
                0x08011ad4                tcp_rexmit
 .text.tcp_rexmit_fast
                0x08011b64       0xb8 ..\obj\tcp_out.o
                0x08011b64                tcp_rexmit_fast
 .text.tcp_keepalive
                0x08011c1c       0x8c ..\obj\tcp_out.o
                0x08011c1c                tcp_keepalive
 .text.tcp_zero_window_probe
                0x08011ca8      0x11c ..\obj\tcp_out.o
                0x08011ca8                tcp_zero_window_probe
 .text.raw_input
                0x08011dc4       0xc8 ..\obj\raw.o
                0x08011dc4                raw_input
 .text.raw_bind
                0x08011e8c       0x30 ..\obj\raw.o
                0x08011e8c                raw_bind
 .text.raw_recv
                0x08011ebc       0x24 ..\obj\raw.o
                0x08011ebc                raw_recv
 .text.raw_remove
                0x08011ee0       0x78 ..\obj\raw.o
                0x08011ee0                raw_remove
 .text.raw_new  0x08011f58       0x5c ..\obj\raw.o
                0x08011f58                raw_new
 .text          0x08011fb4      0x370 c:/program files (x86)/gnu tools arm embedded/4.7 2013q3/bin/../lib/gcc/arm-none-eabi/4.7.4/armv7e-m/softfp\libgcc.a(_arm_addsubdf3.o)
                0x08011fb4                __aeabi_drsub
                0x08011fbc                __aeabi_dsub
                0x08011fbc                __subdf3
                0x08011fc0                __aeabi_dadd
                0x08011fc0                __adddf3
                0x08012238                __floatunsidf
                0x08012238                __aeabi_ui2d
                0x08012258                __floatsidf
                0x08012258                __aeabi_i2d
                0x0801227c                __aeabi_f2d
                0x0801227c                __extendsfdf2
                0x080122b8                __floatundidf
                0x080122b8                __aeabi_ul2d
                0x080122c8                __floatdidf
                0x080122c8                __aeabi_l2d
 .text          0x08012324      0x424 c:/program files (x86)/gnu tools arm embedded/4.7 2013q3/bin/../lib/gcc/arm-none-eabi/4.7.4/armv7e-m/softfp\libgcc.a(_arm_muldivdf3.o)
                0x08012324                __aeabi_dmul
                0x08012324                __muldf3
                0x08012578                __divdf3
                0x08012578                __aeabi_ddiv
 .text          0x08012748       0x50 c:/program files (x86)/gnu tools arm embedded/4.7 2013q3/bin/../lib/gcc/arm-none-eabi/4.7.4/armv7e-m/softfp\libgcc.a(_arm_fixdfsi.o)
                0x08012748                __aeabi_d2iz
                0x08012748                __fixdfsi
 .text.memcmp   0x08012798       0xb8 C:\Program Files (x86)\GNU Tools ARM Embedded\4.7 2013q3\arm-none-eabi\lib\armv7e-m\libg.a(lib_a-memcmp.o)
                0x08012798                memcmp
 .text.memcpy   0x08012850      0x144 C:\Program Files (x86)\GNU Tools ARM Embedded\4.7 2013q3\arm-none-eabi\lib\armv7e-m\libg.a(lib_a-memcpy.o)
                0x08012850                memcpy
 .text.memset   0x08012994      0x12c C:\Program Files (x86)\GNU Tools ARM Embedded\4.7 2013q3\arm-none-eabi\lib\armv7e-m\libg.a(lib_a-memset.o)
                0x08012994                memset
 .text.strcasecmp
                0x08012ac0       0x44 C:\Program Files (x86)\GNU Tools ARM Embedded\4.7 2013q3\arm-none-eabi\lib\armv7e-m\libg.a(lib_a-strcasecmp.o)
                0x08012ac0                strcasecmp
 .text.strcat   0x08012b04       0x4c C:\Program Files (x86)\GNU Tools ARM Embedded\4.7 2013q3\arm-none-eabi\lib\armv7e-m\libg.a(lib_a-strcat.o)
                0x08012b04                strcat
 .text.strcmp   0x08012b50       0x80 C:\Program Files (x86)\GNU Tools ARM Embedded\4.7 2013q3\arm-none-eabi\lib\armv7e-m\libg.a(lib_a-strcmp.o)
                0x08012b50                strcmp
 .text.strcmp_unaligned
                0x08012bd0      0x15c C:\Program Files (x86)\GNU Tools ARM Embedded\4.7 2013q3\arm-none-eabi\lib\armv7e-m\libg.a(lib_a-strcmp.o)
 .text.strcpy   0x08012d2c       0xbc C:\Program Files (x86)\GNU Tools ARM Embedded\4.7 2013q3\arm-none-eabi\lib\armv7e-m\libg.a(lib_a-strcpy.o)
                0x08012d2c                strcpy
 .text.strlen   0x08012de8       0x60 C:\Program Files (x86)\GNU Tools ARM Embedded\4.7 2013q3\arm-none-eabi\lib\armv7e-m\libg.a(lib_a-strlen.o)
                0x08012de8                strlen
 .text.strncmp  0x08012e48      0x120 C:\Program Files (x86)\GNU Tools ARM Embedded\4.7 2013q3\arm-none-eabi\lib\armv7e-m\libg.a(lib_a-strncmp.o)
                0x08012e48                strncmp
 .text.strncpy  0x08012f68      0x110 C:\Program Files (x86)\GNU Tools ARM Embedded\4.7 2013q3\arm-none-eabi\lib\armv7e-m\libg.a(lib_a-strncpy.o)
                0x08012f68                strncpy
 .text._strtoul_r
                0x08013078      0x150 C:\Program Files (x86)\GNU Tools ARM Embedded\4.7 2013q3\arm-none-eabi\lib\armv7e-m\libg.a(lib_a-strtoul.o)
                0x08013078                _strtoul_r
 .text.strtoul  0x080131c8       0x1c C:\Program Files (x86)\GNU Tools ARM Embedded\4.7 2013q3\arm-none-eabi\lib\armv7e-m\libg.a(lib_a-strtoul.o)
                0x080131c8                strtoul
 *(.glue_7t)
 .glue_7t       0x00000000        0x0 linker stubs
 *(.glue_7)
 .glue_7        0x00000000        0x0 linker stubs
 *(.rodata .rodata* .gnu.linkonce.r.*)
 .rodata        0x080131e4      0x6c4 ..\obj\Shell.o
                0x08013360                CMDSHELLTAB
                0x08013450                NUM_CMDSHELL
 .rodata        0x080138a8       0x90 ..\obj\tcp.o
                0x08013920                tcp_backoff
                0x08013930                tcp_persist_backoff
 .rodata        0x08013938       0x30 ..\obj\memp.o
 .rodata        0x08013968        0x8 ..\obj\tcpip.o
 .rodata        0x08013970     0xa98c ..\obj\fs.o
                0x0801e298                file__STM32F4x7_files_logo_jpg
                0x0801e2ac                file__STM32F4x7_files_ST_gif
                0x0801e2c0                file__STM32F4x7_files_stm32_jpg
                0x0801e2d4                file__404_html
                0x0801e2e8                file__STM32F4x7_html
 .rodata        0x0801e2fc       0x30 ..\obj\stm32f4_discovery.o
                0x0801e2fc                GPIO_PIN
                0x0801e304                GPIO_CLK
                0x0801e314                BUTTON_PIN
                0x0801e318                BUTTON_CLK
                0x0801e31c                BUTTON_EXTI_LINE
                0x0801e320                BUTTON_PORT_SOURCE
                0x0801e324                BUTTON_PIN_SOURCE
                0x0801e328                BUTTON_IRQn
 .rodata        0x0801e32c        0x8 ..\obj\ip_addr.o
                0x0801e32c                ip_addr_any
                0x0801e330                ip_addr_broadcast
 .rodata        0x0801e334      0x1bc ..\obj\main.o
                0x0801e334                g_i16_Main_NUM_hl
 .rodata        0x0801e4f0       0x28 ..\obj\netconf.o
 .rodata        0x0801e518      0x860 ..\obj\httpserver-netconn.o
 .rodata        0x0801ed78        0x8 ..\obj\timers.o
 .rodata        0x0801ed80       0x20 ..\obj\stm32f4x7_eth_bsp.o
 .rodata        0x0801eda0       0x24 ..\obj\printf.o
 .rodata        0x0801edc4        0x8 ..\obj\ethernetif.o
 .rodata        0x0801edcc       0x10 ..\obj\etharp.o
                0x0801edcc                ethbroadcast
                0x0801edd4                ethzero
 .rodata        0x0801eddc       0x20 ..\obj\tasks.o
 .rodata        0x0801edfc        0x2 ..\obj\heap_2.o
 *fill*         0x0801edfe        0x2 00
 .rodata.str1.4
                0x0801ee00        0x4 C:\Program Files (x86)\GNU Tools ARM Embedded\4.7 2013q3\arm-none-eabi\lib\armv7e-m\libg.a(lib_a-impure.o)
 .rodata._ctype_
                0x0801ee04      0x104 C:\Program Files (x86)\GNU Tools ARM Embedded\4.7 2013q3\arm-none-eabi\lib\armv7e-m\libg.a(lib_a-ctype_.o)
                0x0801ee04                _ctype_

.vfp11_veneer   0x0801ef08        0x0
 .vfp11_veneer  0x00000000        0x0 linker stubs

.v4_bx          0x0801ef08        0x0
 .v4_bx         0x00000000        0x0 linker stubs

.iplt           0x0801ef08        0x0
 .iplt          0x00000000        0x0 ..\obj\arm_mat_inverse_f32.o

.rel.dyn        0x0801ef08        0x0
 .rel.iplt      0x00000000        0x0 ..\obj\arm_mat_inverse_f32.o

.ARM.extab
 *(.ARM.extab* .gnu.linkonce.armextab.*)
                0x0801ef08                __exidx_start = .

.ARM.exidx
 *(.ARM.exidx* .gnu.linkonce.armexidx.*)
                0x0801ef08                __exidx_end = .
                0x0801ef08                . = ALIGN (0x4)
                0x0801ef08                _etext = .
                0x0801ef08                _sidata = .

.data           0x20000000      0x4a8 load address 0x0801ef08
                0x20000000                _sdata = .
 *(.data .data.*)
 .data          0x20000000       0x34 ..\obj\tcp.o
                0x20000000                tcp_state_str
 .data          0x20000034       0x14 ..\obj\stm32f4_discovery.o
                0x20000034                GPIO_PORT
                0x20000044                BUTTON_PORT
 .data          0x20000048       0x10 ..\obj\stm32f4xx_rcc.o
 .data          0x20000058        0x4 ..\obj\tasks.o
 .data          0x2000005c       0x14 ..\obj\system_stm32f4xx.o
                0x2000005c                SystemCoreClock
                0x20000060                AHBPrescTable
 .data          0x20000070        0x4 ..\obj\port.o
 .data          0x20000074        0x4 ..\obj\heap_2.o
 .data.impure_data
                0x20000078      0x428 C:\Program Files (x86)\GNU Tools ARM Embedded\4.7 2013q3\arm-none-eabi\lib\armv7e-m\libg.a(lib_a-impure.o)
 .data._impure_ptr
                0x200004a0        0x4 C:\Program Files (x86)\GNU Tools ARM Embedded\4.7 2013q3\arm-none-eabi\lib\armv7e-m\libg.a(lib_a-impure.o)
                0x200004a0                _impure_ptr
 .data.__ctype_ptr__
                0x200004a4        0x4 C:\Program Files (x86)\GNU Tools ARM Embedded\4.7 2013q3\arm-none-eabi\lib\armv7e-m\libg.a(lib_a-ctype_.o)
                0x200004a4                __ctype_ptr__
                0x200004a8                . = ALIGN (0x4)
                0x200004a8                _edata = .

.igot.plt       0x200004a8        0x0 load address 0x0801f3b0
 .igot.plt      0x00000000        0x0 ..\obj\arm_mat_inverse_f32.o

.bss            0x200004a8    0x14c48 load address 0x0801f3b0
                0x200004a8                _sbss = .
 *(.bss .bss.*)
 .bss           0x200004a8     0x1424 ..\obj\mem.o
 .bss           0x200018cc        0x4 ..\obj\Shell.o
                0x200018cc                g_i16_showLoad
 .bss           0x200018d0        0x1 ..\obj\tcp.o
 *fill*         0x200018d1        0x3 00
 .bss           0x200018d4       0x30 ..\obj\tcp_in.o
 .bss           0x20001904     0x3b14 ..\obj\memp.o
 .bss           0x20005418       0x10 ..\obj\tcpip.o
 .bss           0x20005428        0xc ..\obj\main.o
                0x20005428                savedhandleTAB
                0x2000542c                xSemaphore
                0x20005430                globalErrorVector
 .bss           0x20005434        0x4 ..\obj\httpserver-netconn.o
                0x20005434                nPageHits
 .bss           0x20005438       0x38 ..\obj\timers.o
 .bss           0x20005470        0x4 ..\obj\stm32f4x7_eth_bsp.o
                0x20005470                EthInitStatus
 .bss           0x20005474        0xc ..\obj\ethernetif.o
                0x20005478                s_xSemaphore
 .bss           0x20005480       0xa4 ..\obj\etharp.o
 .bss           0x20005524      0x260 ..\obj\tasks.o
                0x20005524                pxCurrentTCB
 .bss           0x20005784        0x1 ..\obj\netif.o
 .bss           0x20005785        0x1 ..\obj\printf-stdarg.o
                0x20005785                c_Shell_dataisrdy
 *fill*         0x20005786        0x2 00
 .bss           0x20005788       0x34 ..\obj\sys_arch.o
 .bss           0x200057bc        0x2 ..\obj\ip.o
 *fill*         0x200057be        0x2 00
 .bss           0x200057c0     0xa018 ..\obj\heap_2.o
 .bss           0x2000f7d8        0x4 ..\obj\raw.o
 *(COMMON)
 COMMON         0x2000f7dc      0x864 ..\obj\Shell.o
                0x2000f7dc                ptrEndShellBuffer
                0x2000f7e0                ShellCommand
                0x2000f830                cListBuffer
                0x20010030                ptrWriter
                0x20010034                ptrReadShellBuffer
                0x20010038                i16_Flag_koo
                0x2001003c                ptrStartShellBuffer
 COMMON         0x20010040       0x18 ..\obj\tcp.o
                0x20010040                tcp_active_pcbs
                0x20010044                tcp_ticks
                0x20010048                tcp_listen_pcbs
                0x2001004c                tcp_tmp_pcb
                0x20010050                tcp_bound_pcbs
                0x20010054                tcp_tw_pcbs
 COMMON         0x20010058        0x4 ..\obj\tcp_in.o
                0x20010058                tcp_input_pcb
 COMMON         0x2001005c       0xf0 ..\obj\fs.o
                0x2001005c                fs_memory
 COMMON         0x2001014c     0x3ce4 ..\obj\stm32f4x7_eth.o
                0x2001014c                RX_Frame_Descriptor
                0x20010158                DMARxDescToGet
                0x2001015c                DMATxDescToSet
                0x20010160                DMATxDscrTab
                0x20010200                Rx_Buff
                0x20011fc4                Frame_Rx_index
                0x20011fc8                DMA_RX_FRAME_infos
                0x20011fcc                DMARxDscrTab
                0x2001206c                Tx_Buff
 COMMON         0x20013e30        0x8 ..\obj\main.o
                0x20013e30                Zaehler
                0x20013e34                test
 COMMON         0x20013e38       0x34 ..\obj\netconf.o
                0x20013e38                xnetif
 COMMON         0x20013e6c      0x11e ..\obj\stats.o
                0x20013e6c                lwip_stats
 *fill*         0x20013f8a        0x2 00
 COMMON         0x20013f8c        0x8 ..\obj\netif.o
                0x20013f8c                netif_list
                0x20013f90                netif_default
 COMMON         0x20013f94       0x40 ..\obj\queue.o
                0x20013f94                xQueueRegistry
 COMMON         0x20013fd4     0x1110 ..\obj\DMA_Setup.o
                0x20013fd4                g_cptr_DMA_Momptr1
                0x20013fd8                g_i16_DMA_msgvalue
                0x20013fdc                g_c_DMAOUTPUT1
                0x200147dc                g_c_DMA_USART3Buffer1
                0x200148dc                g_cptr_DMA_tempBsptr
                0x200148e0                g_cptr_DMA_Momptr2
                0x200148e4                g_c_DMAOUTPUT2
 COMMON         0x200150e4        0x4 ..\obj\udp.o
                0x200150e4                udp_pcbs
 COMMON         0x200150e8        0x8 ..\obj\ip.o
                0x200150e8                current_netif
                0x200150ec                current_header
                0x200150f0                . = ALIGN (0x4)
                0x200150f0                _ebss = .

.co_stack       0x200150f0      0x800 load address 0x08033ff8
                0x200150f0                . = ALIGN (0x8)
 *(.co_stack .co_stack.*)
 .co_stack      0x200150f0      0x800 ..\obj\startup_stm32f4xx.o
                0x200150f0                pulStack
                0x200158f0                . = ALIGN (0x4)
                0x200158f0                _end = .
LOAD ..\obj\arm_mat_inverse_f32.o
LOAD ..\obj\arm_add_q7.o
LOAD ..\obj\arm_scale_q7.o
LOAD ..\obj\arm_mat_add_f32.o
LOAD ..\obj\stm32f4xx_syscfg.o
LOAD ..\obj\mem.o
LOAD ..\obj\arm_q31_to_float.o
LOAD ..\obj\arm_cfft_radix4_q15.o
LOAD ..\obj\arm_pid_init_q31.o
LOAD ..\obj\arm_float_to_q7.o
LOAD ..\obj\arm_q31_to_q7.o
LOAD ..\obj\stm32f4xx_sdio.o
LOAD ..\obj\arm_biquad_cascade_df1_q15.o
LOAD ..\obj\arm_cmplx_dot_prod_q15.o
LOAD ..\obj\arm_fir_decimate_fast_q15.o
LOAD ..\obj\arm_cfft_radix4_f32.o
LOAD ..\obj\arm_sin_cos_q31.o
LOAD ..\obj\Shell.o
LOAD ..\obj\arm_scale_q31.o
LOAD ..\obj\tcp.o
LOAD ..\obj\arm_fir_sparse_init_q31.o
LOAD ..\obj\arm_rfft_q15.o
LOAD ..\obj\arm_correlate_q7.o
LOAD ..\obj\arm_biquad_cascade_df1_f32.o
LOAD ..\obj\arm_cmplx_dot_prod_f32.o
LOAD ..\obj\arm_cmplx_mult_real_q31.o
LOAD ..\obj\stm32f4xx_cryp_aes.o
LOAD ..\obj\stm32f4xx_hash.o
LOAD ..\obj\arm_q15_to_q31.o
LOAD ..\obj\arm_abs_q7.o
LOAD ..\obj\err.o
LOAD ..\obj\arm_fill_q31.o
LOAD ..\obj\arm_common_tables.o
LOAD ..\obj\arm_rfft_f32.o
LOAD ..\obj\randm.o
LOAD ..\obj\stm32f4xx_hash_sha1.o
LOAD ..\obj\arm_q7_to_q15.o
LOAD ..\obj\arm_conv_q7.o
LOAD ..\obj\mib_structs.o
LOAD ..\obj\arm_sin_q31.o
LOAD ..\obj\tcp_in.o
LOAD ..\obj\arm_fir_sparse_q15.o
LOAD ..\obj\arm_dot_prod_q15.o
LOAD ..\obj\arm_q15_to_float.o
LOAD ..\obj\stm32f4xx_usart.o
LOAD ..\obj\arm_correlate_fast_q15.o
LOAD ..\obj\arm_biquad_cascade_df2T_init_f32.o
LOAD ..\obj\arm_lms_init_q15.o
LOAD ..\obj\stm32f4xx_pwr.o
LOAD ..\obj\arm_correlate_q31.o
LOAD ..\obj\arm_fir_sparse_f32.o
LOAD ..\obj\arm_max_q31.o
LOAD ..\obj\arm_conv_partial_q15.o
LOAD ..\obj\arm_biquad_cascade_df1_32x64_q31.o
LOAD ..\obj\arm_dot_prod_f32.o
LOAD ..\obj\slipif.o
LOAD ..\obj\memp.o
LOAD ..\obj\arm_dct4_init_q15.o
LOAD ..\obj\arm_cfft_radix4_init_q31.o
LOAD ..\obj\stm32f4xx_can.o
LOAD ..\obj\autoip.o
LOAD ..\obj\arm_lms_init_f32.o
LOAD ..\obj\arm_rms_q15.o
LOAD ..\obj\stm32f4xx_wwdg.o
LOAD ..\obj\arm_conv_partial_f32.o
LOAD ..\obj\arm_dct4_init_f32.o
LOAD ..\obj\arm_mat_mult_q31.o
LOAD ..\obj\arm_fir_interpolate_init_q31.o
LOAD ..\obj\arm_shift_q31.o
LOAD ..\obj\arm_iir_lattice_init_q15.o
LOAD ..\obj\arm_fill_q7.o
LOAD ..\obj\ip_frag.o
LOAD ..\obj\msg_out.o
LOAD ..\obj\netbuf.o
LOAD ..\obj\arm_mult_q31.o
LOAD ..\obj\stm32f4xx_hash_md5.o
LOAD ..\obj\arm_fir_lattice_q15.o
LOAD ..\obj\tcpip.o
LOAD ..\obj\arm_rms_f32.o
LOAD ..\obj\asn1_dec.o
LOAD ..\obj\stm32f4xx_dac.o
LOAD ..\obj\arm_biquad_cascade_df1_init_q15.o
LOAD ..\obj\arm_std_q15.o
LOAD ..\obj\arm_mat_add_q31.o
LOAD ..\obj\arm_iir_lattice_init_f32.o
LOAD ..\obj\lcp.o
LOAD ..\obj\arm_abs_q15.o
LOAD ..\obj\vj.o
LOAD ..\obj\arm_fir_sparse_q7.o
LOAD ..\obj\arm_fir_lattice_f32.o
LOAD ..\obj\arm_negate_q7.o
LOAD ..\obj\fs.o
LOAD ..\obj\arm_sub_q15.o
LOAD ..\obj\arm_biquad_cascade_df1_init_f32.o
LOAD ..\obj\arm_std_f32.o
LOAD ..\obj\startup_stm32f4xx.o
LOAD ..\obj\arm_mat_init_q15.o
LOAD ..\obj\arm_conv_q15.o
LOAD ..\obj\arm_abs_f32.o
LOAD ..\obj\arm_fir_lattice_init_q15.o
LOAD ..\obj\arm_sub_f32.o
LOAD ..\obj\arm_cfft_radix4_q31.o
LOAD ..\obj\stm32f4_discovery.o
LOAD ..\obj\stm32f4x7_eth.o
LOAD ..\obj\arm_q15_to_q7.o
LOAD ..\obj\USART_Setup.o
LOAD ..\obj\stm32f4xx_crc.o
LOAD ..\obj\arm_mat_init_f32.o
LOAD ..\obj\stm32f4xx_iwdg.o
LOAD ..\obj\sys.o
LOAD ..\obj\arm_conv_f32.o
LOAD ..\obj\arm_fir_lattice_init_f32.o
LOAD ..\obj\ip_addr.o
LOAD ..\obj\arm_biquad_cascade_df1_q31.o
LOAD ..\obj\arm_cmplx_dot_prod_q31.o
LOAD ..\obj\arm_fir_decimate_fast_q31.o
LOAD ..\obj\arm_rfft_init_q15.o
LOAD ..\obj\arm_conv_partial_fast_q15.o
LOAD ..\obj\arm_min_q15.o
LOAD ..\obj\inet_chksum.o
LOAD ..\obj\arm_q7_to_float.o
LOAD ..\obj\main.o
LOAD ..\obj\arm_rfft_q31.o
LOAD ..\obj\arm_fir_q7.o
LOAD ..\obj\stm32f4xx_rcc.o
LOAD ..\obj\arm_rfft_init_f32.o
LOAD ..\obj\arm_min_f32.o
LOAD ..\obj\arm_fir_sparse_init_q7.o
LOAD ..\obj\netconf.o
LOAD ..\obj\mib2.o
LOAD ..\obj\stm32f4xx_it.o
LOAD ..\obj\arm_q7_to_q31.o
LOAD ..\obj\httpserver-netconn.o
LOAD ..\obj\netdb.o
LOAD ..\obj\arm_dct4_q15.o
LOAD ..\obj\timers.o
LOAD ..\obj\arm_fir_sparse_q31.o
LOAD ..\obj\arm_fir_init_q15.o
LOAD ..\obj\arm_dot_prod_q31.o
LOAD ..\obj\tcpecho.o
LOAD ..\obj\init.o
LOAD ..\obj\arm_correlate_fast_q31.o
LOAD ..\obj\arm_cmplx_conj_q15.o
LOAD ..\obj\stm32f4xx_adc.o
LOAD ..\obj\stm32f4x7_eth_bsp.o
LOAD ..\obj\arm_lms_init_q31.o
LOAD ..\obj\arm_dct4_f32.o
LOAD ..\obj\arm_iir_lattice_q15.o
LOAD ..\obj\printf.o
LOAD ..\obj\arm_conv_partial_q31.o
LOAD ..\obj\arm_fir_init_f32.o
LOAD ..\obj\arm_dct4_init_q31.o
LOAD ..\obj\ethernetif.o
LOAD ..\obj\stm32f4xx_dcmi.o
LOAD ..\obj\arm_cmplx_conj_f32.o
LOAD ..\obj\arm_power_q15.o
LOAD ..\obj\arm_rms_q31.o
LOAD ..\obj\arm_iir_lattice_f32.o
LOAD ..\obj\chpms.o
LOAD ..\obj\etharp.o
LOAD ..\obj\arm_shift_q7.o
LOAD ..\obj\arm_iir_lattice_init_q31.o
LOAD ..\obj\arm_fir_fast_q15.o
LOAD ..\obj\arm_fir_lattice_q31.o
LOAD ..\obj\arm_power_f32.o
LOAD ..\obj\arm_lms_norm_q15.o
LOAD ..\obj\arm_biquad_cascade_df1_init_q31.o
LOAD ..\obj\arm_cmplx_mag_q15.o
LOAD ..\obj\arm_std_q31.o
LOAD ..\obj\tasks.o
LOAD ..\obj\arm_fir_decimate_q15.o
LOAD ..\obj\arm_abs_q31.o
LOAD ..\obj\arm_copy_q15.o
LOAD ..\obj\arm_pid_reset_q15.o
LOAD ..\obj\arm_sub_q31.o
LOAD ..\obj\arm_lms_norm_f32.o
LOAD ..\obj\arm_cmplx_mag_f32.o
LOAD ..\obj\udpecho.o
LOAD ..\obj\magic.o
LOAD ..\obj\stm32f4xx_cryp_des.o
LOAD ..\obj\arm_fir_decimate_f32.o
LOAD ..\obj\arm_mat_init_q31.o
LOAD ..\obj\arm_cmplx_mag_squared_q15.o
LOAD ..\obj\arm_conv_q31.o
LOAD ..\obj\arm_pid_reset_f32.o
LOAD ..\obj\arm_copy_f32.o
LOAD ..\obj\arm_fir_lattice_init_q31.o
LOAD ..\obj\arm_fir_q15.o
LOAD ..\obj\arm_add_q15.o
LOAD ..\obj\stm32f4xx_cryp.o
LOAD ..\obj\pbuf.o
LOAD ..\obj\stats.o
LOAD ..\obj\arm_fir_interpolate_q15.o
LOAD ..\obj\inet.o
LOAD ..\obj\stm32f4xx_fsmc.o
LOAD ..\obj\arm_cmplx_mag_squared_f32.o
LOAD ..\obj\arm_fir_f32.o
LOAD ..\obj\arm_add_f32.o
LOAD ..\obj\msg_in.o
LOAD ..\obj\netif.o
LOAD ..\obj\arm_conv_partial_fast_q31.o
LOAD ..\obj\arm_rfft_init_q31.o
LOAD ..\obj\asn1_enc.o
LOAD ..\obj\arm_min_q31.o
LOAD ..\obj\fsm.o
LOAD ..\obj\arm_conv_partial_q7.o
LOAD ..\obj\api_msg.o
LOAD ..\obj\arm_fir_interpolate_f32.o
LOAD ..\obj\arm_fir_init_q7.o
LOAD ..\obj\chap.o
LOAD ..\obj\arm_lms_norm_init_q15.o
LOAD ..\obj\arm_mean_q15.o
LOAD ..\obj\stm32f4xx_gpio.o
LOAD ..\obj\arm_biquad_cascade_df1_32x64_init_q31.o
LOAD ..\obj\stm32f4xx_flash.o
LOAD ..\obj\printf-stdarg.o
LOAD ..\obj\arm_fir_decimate_init_q15.o
LOAD ..\obj\md5.o
LOAD ..\obj\arm_float_to_q15.o
LOAD ..\obj\arm_lms_norm_init_f32.o
LOAD ..\obj\sys_arch.o
LOAD ..\obj\list.o
LOAD ..\obj\arm_mean_f32.o
LOAD ..\obj\arm_cos_q15.o
LOAD ..\obj\arm_dct4_q31.o
LOAD ..\obj\system_stm32f4xx.o
LOAD ..\obj\syscalls.o
LOAD ..\obj\arm_lms_q15.o
LOAD ..\obj\arm_fir_init_q31.o
LOAD ..\obj\arm_negate_q15.o
LOAD ..\obj\arm_biquad_cascade_df1_fast_q15.o
LOAD ..\obj\stm32f4xx_dma.o
LOAD ..\obj\arm_sqrt_q15.o
LOAD ..\obj\arm_fir_decimate_init_f32.o
LOAD ..\obj\arm_var_q15.o
LOAD ..\obj\arm_cmplx_conj_q31.o
LOAD ..\obj\arm_mat_sub_q15.o
LOAD ..\obj\arm_mat_trans_q15.o
LOAD ..\obj\arm_offset_q15.o
LOAD ..\obj\arm_cos_f32.o
LOAD ..\obj\arm_iir_lattice_q31.o
LOAD ..\obj\arm_lms_f32.o
LOAD ..\obj\arm_negate_f32.o
LOAD ..\obj\arm_cmplx_mult_cmplx_q15.o
LOAD ..\obj\arm_mat_mult_fast_q15.o
LOAD ..\obj\arm_conv_fast_q15.o
LOAD ..\obj\arm_var_f32.o
LOAD ..\obj\queue.o
LOAD ..\obj\port.o
LOAD ..\obj\arm_mat_scale_q15.o
LOAD ..\obj\arm_mat_trans_f32.o
LOAD ..\obj\arm_mat_sub_f32.o
LOAD ..\obj\arm_offset_f32.o
LOAD ..\obj\arm_power_q31.o
LOAD ..\obj\arm_power_q7.o
LOAD ..\obj\sockets.o
LOAD ..\obj\igmp.o
LOAD ..\obj\arm_cmplx_mult_cmplx_f32.o
LOAD ..\obj\arm_fir_fast_q31.o
LOAD ..\obj\pap.o
LOAD ..\obj\arm_mat_scale_f32.o
LOAD ..\obj\DMA_Setup.o
LOAD ..\obj\arm_lms_norm_q31.o
LOAD ..\obj\arm_cmplx_mag_q31.o
LOAD ..\obj\croutine.o
LOAD ..\obj\arm_offset_q7.o
LOAD ..\obj\udp.o
LOAD ..\obj\arm_fir_decimate_q31.o
LOAD ..\obj\ip.o
LOAD ..\obj\arm_pid_init_q15.o
LOAD ..\obj\arm_pid_reset_q31.o
LOAD ..\obj\arm_copy_q31.o
LOAD ..\obj\stm32f4xx_spi.o
LOAD ..\obj\auth.o
LOAD ..\obj\arm_pid_init_f32.o
LOAD ..\obj\stm32f4xx_i2c.o
LOAD ..\obj\arm_cmplx_mag_squared_q31.o
LOAD ..\obj\arm_scale_q15.o
LOAD ..\obj\stm32f4xx_rng.o
LOAD ..\obj\arm_fir_q31.o
LOAD ..\obj\arm_mult_q7.o
LOAD ..\obj\arm_add_q31.o
LOAD ..\obj\stm32f4xx_exti.o
LOAD ..\obj\ppp_oe.o
LOAD ..\obj\icmp.o
LOAD ..\obj\arm_fir_sparse_init_q15.o
LOAD ..\obj\dns.o
LOAD ..\obj\netifapi.o
LOAD ..\obj\arm_fir_interpolate_q31.o
LOAD ..\obj\misc.o
LOAD ..\obj\arm_cmplx_mult_real_q15.o
LOAD ..\obj\arm_sin_cos_f32.o
LOAD ..\obj\api_lib.o
LOAD ..\obj\arm_scale_f32.o
LOAD ..\obj\arm_max_q7.o
LOAD ..\obj\arm_min_q7.o
LOAD ..\obj\arm_fill_q15.o
LOAD ..\obj\arm_fir_sparse_init_f32.o
LOAD ..\obj\arm_sin_q15.o
LOAD ..\obj\arm_cmplx_mult_real_f32.o
LOAD ..\obj\arm_biquad_cascade_df2T_f32.o
LOAD ..\obj\arm_lms_norm_init_q31.o
LOAD ..\obj\dhcp.o
LOAD ..\obj\ppp.o
LOAD ..\obj\arm_mean_q31.o
LOAD ..\obj\arm_fill_f32.o
LOAD ..\obj\arm_q31_to_q15.o
LOAD ..\obj\arm_fir_decimate_init_q31.o
LOAD ..\obj\arm_sin_f32.o
LOAD ..\obj\arm_correlate_q15.o
LOAD ..\obj\arm_float_to_q31.o
LOAD ..\obj\arm_max_q15.o
LOAD ..\obj\arm_mean_q7.o
LOAD ..\obj\stm32f4xx_rtc.o
LOAD ..\obj\arm_cos_q31.o
LOAD ..\obj\arm_cfft_radix4_init_q15.o
LOAD ..\obj\arm_lms_q31.o
LOAD ..\obj\arm_negate_q31.o
LOAD ..\obj\arm_biquad_cascade_df1_fast_q31.o
LOAD ..\obj\arm_sqrt_q31.o
LOAD ..\obj\arm_dot_prod_q7.o
LOAD ..\obj\arm_correlate_f32.o
LOAD ..\obj\arm_max_f32.o
LOAD ..\obj\heap_2.o
LOAD ..\obj\arm_var_q31.o
LOAD ..\obj\stm32f4xx_cryp_tdes.o
LOAD ..\obj\arm_mat_mult_q15.o
LOAD ..\obj\arm_fir_interpolate_init_q15.o
LOAD ..\obj\arm_offset_q31.o
LOAD ..\obj\arm_mat_sub_q31.o
LOAD ..\obj\arm_mat_trans_q31.o
LOAD ..\obj\arm_shift_q15.o
LOAD ..\obj\arm_cfft_radix4_init_f32.o
LOAD ..\obj\arm_copy_q7.o
LOAD ..\obj\ipcp.o
LOAD ..\obj\stm32f4xx_tim.o
LOAD ..\obj\arm_mult_q15.o
LOAD ..\obj\arm_sub_q7.o
LOAD ..\obj\arm_cmplx_mult_cmplx_q31.o
LOAD ..\obj\arm_mat_mult_fast_q31.o
LOAD ..\obj\tcp_out.o
LOAD ..\obj\stm32f4xx_dbgmcu.o
LOAD ..\obj\arm_conv_fast_q31.o
LOAD ..\obj\loopif.o
LOAD ..\obj\raw.o
LOAD ..\obj\arm_mat_mult_f32.o
LOAD ..\obj\arm_mat_scale_q31.o
LOAD ..\obj\arm_fir_interpolate_init_f32.o
LOAD ..\obj\arm_mat_add_q15.o
LOAD ..\obj\arm_mult_f32.o
LOAD C:\Program Files (x86)\GNU Tools ARM Embedded\4.7 2013q3\arm-none-eabi\lib\armv7e-m\libm.a
START GROUP
LOAD c:/program files (x86)/gnu tools arm embedded/4.7 2013q3/bin/../lib/gcc/arm-none-eabi/4.7.4/armv7e-m/softfp\libgcc.a
LOAD C:\Program Files (x86)\GNU Tools ARM Embedded\4.7 2013q3\arm-none-eabi\lib\armv7e-m\libg.a
LOAD C:\Program Files (x86)\GNU Tools ARM Embedded\4.7 2013q3\arm-none-eabi\lib\armv7e-m\libc.a
END GROUP
OUTPUT(FreeRTOS.elf elf32-littlearm)

.debug_info     0x00000000    0x1b4b6
 .debug_info    0x00000000      0x279 ..\obj\stm32f4xx_syscfg.o
 .debug_info    0x00000279      0x5eb ..\obj\mem.o
 .debug_info    0x00000864      0xc3e ..\obj\Shell.o
 .debug_info    0x000014a2     0x14d9 ..\obj\tcp.o
 .debug_info    0x0000297b      0xf15 ..\obj\tcp_in.o
 .debug_info    0x00003890      0xa65 ..\obj\stm32f4xx_usart.o
 .debug_info    0x000042f5      0x497 ..\obj\memp.o
 .debug_info    0x0000478c      0x6cf ..\obj\autoip.o
 .debug_info    0x00004e5b      0x417 ..\obj\netbuf.o
 .debug_info    0x00005272     0x11de ..\obj\tcpip.o
 .debug_info    0x00006450      0x4a6 ..\obj\fs.o
 .debug_info    0x000068f6      0x103 ..\obj\startup_stm32f4xx.o
 .debug_info    0x000069f9      0x8ba ..\obj\stm32f4_discovery.o
 .debug_info    0x000072b3     0x1ba8 ..\obj\stm32f4x7_eth.o
 .debug_info    0x00008e5b      0x494 ..\obj\USART_Setup.o
 .debug_info    0x000092ef      0x45c ..\obj\sys.o
 .debug_info    0x0000974b      0x325 ..\obj\ip_addr.o
 .debug_info    0x00009a70      0x2c7 ..\obj\inet_chksum.o
 .debug_info    0x00009d37      0x63e ..\obj\main.o
 .debug_info    0x0000a375      0xd49 ..\obj\stm32f4xx_rcc.o
 .debug_info    0x0000b0be      0x37d ..\obj\netconf.o
 .debug_info    0x0000b43b      0x10b ..\obj\stm32f4xx_it.o
 .debug_info    0x0000b546      0x586 ..\obj\httpserver-netconn.o
 .debug_info    0x0000bacc      0x766 ..\obj\timers.o
 .debug_info    0x0000c232       0x94 ..\obj\init.o
 .debug_info    0x0000c2c6      0x8b4 ..\obj\stm32f4x7_eth_bsp.o
 .debug_info    0x0000cb7a      0xf60 ..\obj\printf.o
 .debug_info    0x0000dada      0xbb7 ..\obj\ethernetif.o
 .debug_info    0x0000e691      0xdc7 ..\obj\etharp.o
 .debug_info    0x0000f458     0x1031 ..\obj\tasks.o
 .debug_info    0x00010489      0x6cc ..\obj\pbuf.o
 .debug_info    0x00010b55      0x2f6 ..\obj\stats.o
 .debug_info    0x00010e4b      0x30a ..\obj\inet.o
 .debug_info    0x00011155      0xc4d ..\obj\netif.o
 .debug_info    0x00011da2     0x135a ..\obj\api_msg.o
 .debug_info    0x000130fc      0x640 ..\obj\stm32f4xx_gpio.o
 .debug_info    0x0001373c      0x8c1 ..\obj\printf-stdarg.o
 .debug_info    0x00013ffd      0x899 ..\obj\sys_arch.o
 .debug_info    0x00014896      0x2b2 ..\obj\list.o
 .debug_info    0x00014b48      0x5f5 ..\obj\system_stm32f4xx.o
 .debug_info    0x0001513d      0x7af ..\obj\stm32f4xx_dma.o
 .debug_info    0x000158ec      0xac1 ..\obj\queue.o
 .debug_info    0x000163ad      0x233 ..\obj\port.o
 .debug_info    0x000165e0      0x415 ..\obj\DMA_Setup.o
 .debug_info    0x000169f5      0xb2e ..\obj\udp.o
 .debug_info    0x00017523      0x831 ..\obj\ip.o
 .debug_info    0x00017d54      0x7ab ..\obj\icmp.o
 .debug_info    0x000184ff      0x592 ..\obj\misc.o
 .debug_info    0x00018a91     0x103e ..\obj\api_lib.o
 .debug_info    0x00019acf      0x2da ..\obj\heap_2.o
 .debug_info    0x00019da9     0x1001 ..\obj\tcp_out.o
 .debug_info    0x0001adaa      0x70c ..\obj\raw.o

.debug_abbrev   0x00000000     0x5333
 .debug_abbrev  0x00000000      0x133 ..\obj\stm32f4xx_syscfg.o
 .debug_abbrev  0x00000133      0x187 ..\obj\mem.o
 .debug_abbrev  0x000002ba      0x2ac ..\obj\Shell.o
 .debug_abbrev  0x00000566      0x2e6 ..\obj\tcp.o
 .debug_abbrev  0x0000084c      0x20b ..\obj\tcp_in.o
 .debug_abbrev  0x00000a57      0x157 ..\obj\stm32f4xx_usart.o
 .debug_abbrev  0x00000bae      0x14f ..\obj\memp.o
 .debug_abbrev  0x00000cfd      0x19e ..\obj\autoip.o
 .debug_abbrev  0x00000e9b      0x128 ..\obj\netbuf.o
 .debug_abbrev  0x00000fc3      0x220 ..\obj\tcpip.o
 .debug_abbrev  0x000011e3      0x17a ..\obj\fs.o
 .debug_abbrev  0x0000135d       0xb2 ..\obj\startup_stm32f4xx.o
 .debug_abbrev  0x0000140f      0x185 ..\obj\stm32f4_discovery.o
 .debug_abbrev  0x00001594      0x233 ..\obj\stm32f4x7_eth.o
 .debug_abbrev  0x000017c7      0x101 ..\obj\USART_Setup.o
 .debug_abbrev  0x000018c8      0x178 ..\obj\sys.o
 .debug_abbrev  0x00001a40       0xf5 ..\obj\ip_addr.o
 .debug_abbrev  0x00001b35      0x13e ..\obj\inet_chksum.o
 .debug_abbrev  0x00001c73      0x239 ..\obj\main.o
 .debug_abbrev  0x00001eac      0x1e5 ..\obj\stm32f4xx_rcc.o
 .debug_abbrev  0x00002091      0x11a ..\obj\netconf.o
 .debug_abbrev  0x000021ab       0xb1 ..\obj\stm32f4xx_it.o
 .debug_abbrev  0x0000225c      0x1b2 ..\obj\httpserver-netconn.o
 .debug_abbrev  0x0000240e      0x175 ..\obj\timers.o
 .debug_abbrev  0x00002583       0x44 ..\obj\init.o
 .debug_abbrev  0x000025c7      0x170 ..\obj\stm32f4x7_eth_bsp.o
 .debug_abbrev  0x00002737      0x262 ..\obj\printf.o
 .debug_abbrev  0x00002999      0x231 ..\obj\ethernetif.o
 .debug_abbrev  0x00002bca      0x1e4 ..\obj\etharp.o
 .debug_abbrev  0x00002dae      0x1fc ..\obj\tasks.o
 .debug_abbrev  0x00002faa      0x1a5 ..\obj\pbuf.o
 .debug_abbrev  0x0000314f       0xa8 ..\obj\stats.o
 .debug_abbrev  0x000031f7      0x132 ..\obj\inet.o
 .debug_abbrev  0x00003329      0x250 ..\obj\netif.o
 .debug_abbrev  0x00003579      0x242 ..\obj\api_msg.o
 .debug_abbrev  0x000037bb      0x1a5 ..\obj\stm32f4xx_gpio.o
 .debug_abbrev  0x00003960      0x2a2 ..\obj\printf-stdarg.o
 .debug_abbrev  0x00003c02      0x1de ..\obj\sys_arch.o
 .debug_abbrev  0x00003de0       0xbc ..\obj\list.o
 .debug_abbrev  0x00003e9c      0x138 ..\obj\system_stm32f4xx.o
 .debug_abbrev  0x00003fd4      0x157 ..\obj\stm32f4xx_dma.o
 .debug_abbrev  0x0000412b      0x17e ..\obj\queue.o
 .debug_abbrev  0x000042a9      0x187 ..\obj\port.o
 .debug_abbrev  0x00004430      0x119 ..\obj\DMA_Setup.o
 .debug_abbrev  0x00004549      0x20e ..\obj\udp.o
 .debug_abbrev  0x00004757      0x19b ..\obj\ip.o
 .debug_abbrev  0x000048f2      0x1c7 ..\obj\icmp.o
 .debug_abbrev  0x00004ab9      0x129 ..\obj\misc.o
 .debug_abbrev  0x00004be2      0x1d9 ..\obj\api_lib.o
 .debug_abbrev  0x00004dbb      0x179 ..\obj\heap_2.o
 .debug_abbrev  0x00004f34      0x246 ..\obj\tcp_out.o
 .debug_abbrev  0x0000517a      0x1b9 ..\obj\raw.o

.debug_loc      0x00000000     0x8589
 .debug_loc     0x00000000      0x144 ..\obj\stm32f4xx_syscfg.o
 .debug_loc     0x00000144      0x150 ..\obj\mem.o
 .debug_loc     0x00000294      0x378 ..\obj\Shell.o
 .debug_loc     0x0000060c      0x6a4 ..\obj\tcp.o
 .debug_loc     0x00000cb0      0x152 ..\obj\tcp_in.o
 .debug_loc     0x00000e02      0x658 ..\obj\stm32f4xx_usart.o
 .debug_loc     0x0000145a       0xa8 ..\obj\memp.o
 .debug_loc     0x00001502      0x294 ..\obj\autoip.o
 .debug_loc     0x00001796      0x1f8 ..\obj\netbuf.o
 .debug_loc     0x0000198e      0x304 ..\obj\tcpip.o
 .debug_loc     0x00001c92      0x150 ..\obj\fs.o
 .debug_loc     0x00001de2       0x64 ..\obj\startup_stm32f4xx.o
 .debug_loc     0x00001e46      0x150 ..\obj\stm32f4_discovery.o
 .debug_loc     0x00001f96     0x1170 ..\obj\stm32f4x7_eth.o
 .debug_loc     0x00003106       0x3a ..\obj\USART_Setup.o
 .debug_loc     0x00003140      0x188 ..\obj\sys.o
 .debug_loc     0x000032c8       0x38 ..\obj\ip_addr.o
 .debug_loc     0x00003300       0xe0 ..\obj\inet_chksum.o
 .debug_loc     0x000033e0      0x200 ..\obj\main.o
 .debug_loc     0x000035e0      0x97c ..\obj\stm32f4xx_rcc.o
 .debug_loc     0x00003f5c       0x39 ..\obj\netconf.o
 .debug_loc     0x00003f95       0x38 ..\obj\stm32f4xx_it.o
 .debug_loc     0x00003fcd       0xe2 ..\obj\httpserver-netconn.o
 .debug_loc     0x000040af      0x304 ..\obj\timers.o
 .debug_loc     0x000043b3       0x2c ..\obj\init.o
 .debug_loc     0x000043df       0xd6 ..\obj\stm32f4x7_eth_bsp.o
 .debug_loc     0x000044b5      0x3ea ..\obj\printf.o
 .debug_loc     0x0000489f      0x150 ..\obj\ethernetif.o
 .debug_loc     0x000049ef      0x2a0 ..\obj\etharp.o
 .debug_loc     0x00004c8f      0x8c9 ..\obj\tasks.o
 .debug_loc     0x00005558      0x2d8 ..\obj\pbuf.o
 .debug_loc     0x00005830      0x188 ..\obj\inet.o
 .debug_loc     0x000059b8      0x268 ..\obj\netif.o
 .debug_loc     0x00005c20      0x578 ..\obj\api_msg.o
 .debug_loc     0x00006198      0x310 ..\obj\stm32f4xx_gpio.o
 .debug_loc     0x000064a8      0x2b1 ..\obj\printf-stdarg.o
 .debug_loc     0x00006759      0x374 ..\obj\sys_arch.o
 .debug_loc     0x00006acd      0x118 ..\obj\list.o
 .debug_loc     0x00006be5       0x9c ..\obj\system_stm32f4xx.o
 .debug_loc     0x00006c81      0x428 ..\obj\stm32f4xx_dma.o
 .debug_loc     0x000070a9      0x5e8 ..\obj\queue.o
 .debug_loc     0x00007691      0x178 ..\obj\port.o
 .debug_loc     0x00007809       0x74 ..\obj\DMA_Setup.o
 .debug_loc     0x0000787d      0x231 ..\obj\udp.o
 .debug_loc     0x00007aae       0xe0 ..\obj\ip.o
 .debug_loc     0x00007b8e       0xa9 ..\obj\icmp.o
 .debug_loc     0x00007c37      0x118 ..\obj\misc.o
 .debug_loc     0x00007d4f      0x2d8 ..\obj\api_lib.o
 .debug_loc     0x00008027       0xc8 ..\obj\heap_2.o
 .debug_loc     0x000080ef      0x2da ..\obj\tcp_out.o
 .debug_loc     0x000083c9      0x1c0 ..\obj\raw.o

.debug_aranges  0x00000000     0x1860
 .debug_aranges
                0x00000000       0x48 ..\obj\stm32f4xx_syscfg.o
 .debug_aranges
                0x00000048       0x48 ..\obj\mem.o
 .debug_aranges
                0x00000090       0x98 ..\obj\Shell.o
 .debug_aranges
                0x00000128      0x110 ..\obj\tcp.o
 .debug_aranges
                0x00000238       0x48 ..\obj\tcp_in.o
 .debug_aranges
                0x00000280      0x100 ..\obj\stm32f4xx_usart.o
 .debug_aranges
                0x00000380       0x30 ..\obj\memp.o
 .debug_aranges
                0x000003b0       0x78 ..\obj\autoip.o
 .debug_aranges
                0x00000428       0x60 ..\obj\netbuf.o
 .debug_aranges
                0x00000488       0x88 ..\obj\tcpip.o
 .debug_aranges
                0x00000510       0x48 ..\obj\fs.o
 .debug_aranges
                0x00000558       0x28 ..\obj\startup_stm32f4xx.o
 .debug_aranges
                0x00000580       0x48 ..\obj\stm32f4_discovery.o
 .debug_aranges
                0x000005c8      0x2b8 ..\obj\stm32f4x7_eth.o
 .debug_aranges
                0x00000880       0x20 ..\obj\USART_Setup.o
 .debug_aranges
                0x000008a0       0x50 ..\obj\sys.o
 .debug_aranges
                0x000008f0       0x20 ..\obj\ip_addr.o
 .debug_aranges
                0x00000910       0x38 ..\obj\inet_chksum.o
 .debug_aranges
                0x00000948       0x68 ..\obj\main.o
 .debug_aranges
                0x000009b0      0x178 ..\obj\stm32f4xx_rcc.o
 .debug_aranges
                0x00000b28       0x20 ..\obj\netconf.o
 .debug_aranges
                0x00000b48       0x20 ..\obj\stm32f4xx_it.o
 .debug_aranges
                0x00000b68       0x38 ..\obj\httpserver-netconn.o
 .debug_aranges
                0x00000ba0       0x88 ..\obj\timers.o
 .debug_aranges
                0x00000c28       0x20 ..\obj\init.o
 .debug_aranges
                0x00000c48       0x38 ..\obj\stm32f4x7_eth_bsp.o
 .debug_aranges
                0x00000c80       0xa0 ..\obj\printf.o
 .debug_aranges
                0x00000d20       0x48 ..\obj\ethernetif.o
 .debug_aranges
                0x00000d68       0x78 ..\obj\etharp.o
 .debug_aranges
                0x00000de0      0x160 ..\obj\tasks.o
 .debug_aranges
                0x00000f40       0x80 ..\obj\pbuf.o
 .debug_aranges
                0x00000fc0       0x18 ..\obj\stats.o
 .debug_aranges
                0x00000fd8       0x50 ..\obj\inet.o
 .debug_aranges
                0x00001028       0x70 ..\obj\netif.o
 .debug_aranges
                0x00001098       0xe0 ..\obj\api_msg.o
 .debug_aranges
                0x00001178       0x88 ..\obj\stm32f4xx_gpio.o
 .debug_aranges
                0x00001200       0x78 ..\obj\printf-stdarg.o
 .debug_aranges
                0x00001278       0x98 ..\obj\sys_arch.o
 .debug_aranges
                0x00001310       0x40 ..\obj\list.o
 .debug_aranges
                0x00001350       0x30 ..\obj\system_stm32f4xx.o
 .debug_aranges
                0x00001380       0xb0 ..\obj\stm32f4xx_dma.o
 .debug_aranges
                0x00001430       0xf0 ..\obj\queue.o
 .debug_aranges
                0x00001520       0x78 ..\obj\port.o
 .debug_aranges
                0x00001598       0x28 ..\obj\DMA_Setup.o
 .debug_aranges
                0x000015c0       0x68 ..\obj\udp.o
 .debug_aranges
                0x00001628       0x38 ..\obj\ip.o
 .debug_aranges
                0x00001660       0x30 ..\obj\icmp.o
 .debug_aranges
                0x00001690       0x40 ..\obj\misc.o
 .debug_aranges
                0x000016d0       0x80 ..\obj\api_lib.o
 .debug_aranges
                0x00001750       0x38 ..\obj\heap_2.o
 .debug_aranges
                0x00001788       0x80 ..\obj\tcp_out.o
 .debug_aranges
                0x00001808       0x58 ..\obj\raw.o

.debug_ranges   0x00000000     0x1548
 .debug_ranges  0x00000000       0x38 ..\obj\stm32f4xx_syscfg.o
 .debug_ranges  0x00000038       0x38 ..\obj\mem.o
 .debug_ranges  0x00000070       0x88 ..\obj\Shell.o
 .debug_ranges  0x000000f8      0x100 ..\obj\tcp.o
 .debug_ranges  0x000001f8       0x38 ..\obj\tcp_in.o
 .debug_ranges  0x00000230       0xf0 ..\obj\stm32f4xx_usart.o
 .debug_ranges  0x00000320       0x20 ..\obj\memp.o
 .debug_ranges  0x00000340       0x68 ..\obj\autoip.o
 .debug_ranges  0x000003a8       0x50 ..\obj\netbuf.o
 .debug_ranges  0x000003f8       0x78 ..\obj\tcpip.o
 .debug_ranges  0x00000470       0x38 ..\obj\fs.o
 .debug_ranges  0x000004a8       0x18 ..\obj\startup_stm32f4xx.o
 .debug_ranges  0x000004c0       0x38 ..\obj\stm32f4_discovery.o
 .debug_ranges  0x000004f8      0x2a8 ..\obj\stm32f4x7_eth.o
 .debug_ranges  0x000007a0       0x10 ..\obj\USART_Setup.o
 .debug_ranges  0x000007b0       0x40 ..\obj\sys.o
 .debug_ranges  0x000007f0       0x10 ..\obj\ip_addr.o
 .debug_ranges  0x00000800       0x28 ..\obj\inet_chksum.o
 .debug_ranges  0x00000828       0x58 ..\obj\main.o
 .debug_ranges  0x00000880      0x168 ..\obj\stm32f4xx_rcc.o
 .debug_ranges  0x000009e8       0x10 ..\obj\netconf.o
 .debug_ranges  0x000009f8       0x10 ..\obj\stm32f4xx_it.o
 .debug_ranges  0x00000a08       0x28 ..\obj\httpserver-netconn.o
 .debug_ranges  0x00000a30       0x78 ..\obj\timers.o
 .debug_ranges  0x00000aa8       0x10 ..\obj\init.o
 .debug_ranges  0x00000ab8       0x28 ..\obj\stm32f4x7_eth_bsp.o
 .debug_ranges  0x00000ae0       0x90 ..\obj\printf.o
 .debug_ranges  0x00000b70       0x38 ..\obj\ethernetif.o
 .debug_ranges  0x00000ba8       0x68 ..\obj\etharp.o
 .debug_ranges  0x00000c10      0x150 ..\obj\tasks.o
 .debug_ranges  0x00000d60       0x70 ..\obj\pbuf.o
 .debug_ranges  0x00000dd0       0x40 ..\obj\inet.o
 .debug_ranges  0x00000e10       0x78 ..\obj\netif.o
 .debug_ranges  0x00000e88       0xd0 ..\obj\api_msg.o
 .debug_ranges  0x00000f58       0x78 ..\obj\stm32f4xx_gpio.o
 .debug_ranges  0x00000fd0       0x68 ..\obj\printf-stdarg.o
 .debug_ranges  0x00001038       0x88 ..\obj\sys_arch.o
 .debug_ranges  0x000010c0       0x30 ..\obj\list.o
 .debug_ranges  0x000010f0       0x20 ..\obj\system_stm32f4xx.o
 .debug_ranges  0x00001110       0xa0 ..\obj\stm32f4xx_dma.o
 .debug_ranges  0x000011b0       0xe0 ..\obj\queue.o
 .debug_ranges  0x00001290       0x68 ..\obj\port.o
 .debug_ranges  0x000012f8       0x18 ..\obj\DMA_Setup.o
 .debug_ranges  0x00001310       0x58 ..\obj\udp.o
 .debug_ranges  0x00001368       0x28 ..\obj\ip.o
 .debug_ranges  0x00001390       0x38 ..\obj\icmp.o
 .debug_ranges  0x000013c8       0x30 ..\obj\misc.o
 .debug_ranges  0x000013f8       0x70 ..\obj\api_lib.o
 .debug_ranges  0x00001468       0x28 ..\obj\heap_2.o
 .debug_ranges  0x00001490       0x70 ..\obj\tcp_out.o
 .debug_ranges  0x00001500       0x48 ..\obj\raw.o

.debug_line     0x00000000     0xa1c0
 .debug_line    0x00000000      0x1b0 ..\obj\stm32f4xx_syscfg.o
 .debug_line    0x000001b0      0x251 ..\obj\mem.o
 .debug_line    0x00000401      0x45b ..\obj\Shell.o
 .debug_line    0x0000085c      0x70b ..\obj\tcp.o
 .debug_line    0x00000f67      0x69d ..\obj\tcp_in.o
 .debug_line    0x00001604      0x41b ..\obj\stm32f4xx_usart.o
 .debug_line    0x00001a1f      0x168 ..\obj\memp.o
 .debug_line    0x00001b87      0x2fc ..\obj\autoip.o
 .debug_line    0x00001e83      0x202 ..\obj\netbuf.o
 .debug_line    0x00002085      0x383 ..\obj\tcpip.o
 .debug_line    0x00002408      0x140 ..\obj\fs.o
 .debug_line    0x00002548       0x95 ..\obj\startup_stm32f4xx.o
 .debug_line    0x000025dd      0x221 ..\obj\stm32f4_discovery.o
 .debug_line    0x000027fe      0xa89 ..\obj\stm32f4x7_eth.o
 .debug_line    0x00003287      0x1af ..\obj\USART_Setup.o
 .debug_line    0x00003436      0x21c ..\obj\sys.o
 .debug_line    0x00003652      0x126 ..\obj\ip_addr.o
 .debug_line    0x00003778      0x184 ..\obj\inet_chksum.o
 .debug_line    0x000038fc      0x3b6 ..\obj\main.o
 .debug_line    0x00003cb2      0x512 ..\obj\stm32f4xx_rcc.o
 .debug_line    0x000041c4      0x1cf ..\obj\netconf.o
 .debug_line    0x00004393      0x193 ..\obj\stm32f4xx_it.o